Archive member included to satisfy reference by file (symbol)

c:/st/stm32cubeide_1.6.0/stm32cubeide/plugins/com.st.stm32cube.ide.mcu.externaltools.gnu-tools-for-stm32.10.3-2021.10.win32_1.0.200.202301161003/tools/bin/../lib/gcc/arm-none-eabi/10.3.1/../../../../arm-none-eabi/lib/thumb/v7e-m+fp/hard\libc_nano.a(lib_a-errno.o)
                              ./Core/Src/syscalls.o (__errno)
c:/st/stm32cubeide_1.6.0/stm32cubeide/plugins/com.st.stm32cube.ide.mcu.externaltools.gnu-tools-for-stm32.10.3-2021.10.win32_1.0.200.202301161003/tools/bin/../lib/gcc/arm-none-eabi/10.3.1/../../../../arm-none-eabi/lib/thumb/v7e-m+fp/hard\libc_nano.a(lib_a-exit.o)
                              c:/st/stm32cubeide_1.6.0/stm32cubeide/plugins/com.st.stm32cube.ide.mcu.externaltools.gnu-tools-for-stm32.10.3-2021.10.win32_1.0.200.202301161003/tools/bin/../lib/gcc/arm-none-eabi/10.3.1/../../../../arm-none-eabi/lib/thumb/v7e-m+fp/hard/crt0.o (exit)
c:/st/stm32cubeide_1.6.0/stm32cubeide/plugins/com.st.stm32cube.ide.mcu.externaltools.gnu-tools-for-stm32.10.3-2021.10.win32_1.0.200.202301161003/tools/bin/../lib/gcc/arm-none-eabi/10.3.1/../../../../arm-none-eabi/lib/thumb/v7e-m+fp/hard\libc_nano.a(lib_a-impure.o)
                              c:/st/stm32cubeide_1.6.0/stm32cubeide/plugins/com.st.stm32cube.ide.mcu.externaltools.gnu-tools-for-stm32.10.3-2021.10.win32_1.0.200.202301161003/tools/bin/../lib/gcc/arm-none-eabi/10.3.1/../../../../arm-none-eabi/lib/thumb/v7e-m+fp/hard\libc_nano.a(lib_a-exit.o) (_global_impure_ptr)
c:/st/stm32cubeide_1.6.0/stm32cubeide/plugins/com.st.stm32cube.ide.mcu.externaltools.gnu-tools-for-stm32.10.3-2021.10.win32_1.0.200.202301161003/tools/bin/../lib/gcc/arm-none-eabi/10.3.1/../../../../arm-none-eabi/lib/thumb/v7e-m+fp/hard\libc_nano.a(lib_a-init.o)
                              c:/st/stm32cubeide_1.6.0/stm32cubeide/plugins/com.st.stm32cube.ide.mcu.externaltools.gnu-tools-for-stm32.10.3-2021.10.win32_1.0.200.202301161003/tools/bin/../lib/gcc/arm-none-eabi/10.3.1/../../../../arm-none-eabi/lib/thumb/v7e-m+fp/hard/crt0.o (__libc_init_array)
c:/st/stm32cubeide_1.6.0/stm32cubeide/plugins/com.st.stm32cube.ide.mcu.externaltools.gnu-tools-for-stm32.10.3-2021.10.win32_1.0.200.202301161003/tools/bin/../lib/gcc/arm-none-eabi/10.3.1/../../../../arm-none-eabi/lib/thumb/v7e-m+fp/hard\libc_nano.a(lib_a-memcmp.o)
                              ./Common/ThirdParty/SEGGER/OS/SEGGER_SYSVIEW_FreeRTOS.o (memcmp)
c:/st/stm32cubeide_1.6.0/stm32cubeide/plugins/com.st.stm32cube.ide.mcu.externaltools.gnu-tools-for-stm32.10.3-2021.10.win32_1.0.200.202301161003/tools/bin/../lib/gcc/arm-none-eabi/10.3.1/../../../../arm-none-eabi/lib/thumb/v7e-m+fp/hard\libc_nano.a(lib_a-memcpy-stub.o)
                              ./Common/ThirdParty/FreeRTOS/queue.o (memcpy)
c:/st/stm32cubeide_1.6.0/stm32cubeide/plugins/com.st.stm32cube.ide.mcu.externaltools.gnu-tools-for-stm32.10.3-2021.10.win32_1.0.200.202301161003/tools/bin/../lib/gcc/arm-none-eabi/10.3.1/../../../../arm-none-eabi/lib/thumb/v7e-m+fp/hard\libc_nano.a(lib_a-memset.o)
                              c:/st/stm32cubeide_1.6.0/stm32cubeide/plugins/com.st.stm32cube.ide.mcu.externaltools.gnu-tools-for-stm32.10.3-2021.10.win32_1.0.200.202301161003/tools/bin/../lib/gcc/arm-none-eabi/10.3.1/../../../../arm-none-eabi/lib/thumb/v7e-m+fp/hard/crt0.o (memset)
c:/st/stm32cubeide_1.6.0/stm32cubeide/plugins/com.st.stm32cube.ide.mcu.externaltools.gnu-tools-for-stm32.10.3-2021.10.win32_1.0.200.202301161003/tools/bin/../lib/gcc/arm-none-eabi/10.3.1/../../../../arm-none-eabi/lib/thumb/v7e-m+fp/hard\libc_nano.a(lib_a-strlen.o)
                              ./Common/ThirdParty/SEGGER/SEGGER/SEGGER_RTT.o (strlen)
c:/st/stm32cubeide_1.6.0/stm32cubeide/plugins/com.st.stm32cube.ide.mcu.externaltools.gnu-tools-for-stm32.10.3-2021.10.win32_1.0.200.202301161003/tools/bin/../lib/gcc/arm-none-eabi/10.3.1/thumb/v7e-m+fp/hard\libgcc.a(_aeabi_uldivmod.o)
                              ./Drivers/STM32F4xx_HAL_Driver/Src/stm32f4xx_hal_rcc.o (__aeabi_uldivmod)
c:/st/stm32cubeide_1.6.0/stm32cubeide/plugins/com.st.stm32cube.ide.mcu.externaltools.gnu-tools-for-stm32.10.3-2021.10.win32_1.0.200.202301161003/tools/bin/../lib/gcc/arm-none-eabi/10.3.1/thumb/v7e-m+fp/hard\libgcc.a(_udivmoddi4.o)
                              c:/st/stm32cubeide_1.6.0/stm32cubeide/plugins/com.st.stm32cube.ide.mcu.externaltools.gnu-tools-for-stm32.10.3-2021.10.win32_1.0.200.202301161003/tools/bin/../lib/gcc/arm-none-eabi/10.3.1/thumb/v7e-m+fp/hard\libgcc.a(_aeabi_uldivmod.o) (__udivmoddi4)
c:/st/stm32cubeide_1.6.0/stm32cubeide/plugins/com.st.stm32cube.ide.mcu.externaltools.gnu-tools-for-stm32.10.3-2021.10.win32_1.0.200.202301161003/tools/bin/../lib/gcc/arm-none-eabi/10.3.1/thumb/v7e-m+fp/hard\libgcc.a(_dvmd_tls.o)
[...]
Memory Configuration

Name             Origin             Length             Attributes
CCMRAM           0x0000000010000000 0x0000000000010000 xrw
RAM              0x0000000020000000 0x0000000000030000 xrw
FLASH            0x0000000008000000 0x0000000000200000 xr
*default*        0x0000000000000000 0xffffffffffffffff

Linker script and memory map

LOAD c:/st/stm32cubeide_1.6.0/stm32cubeide/plugins/com.st.stm32cube.ide.mcu.externaltools.gnu-tools-for-stm32.10.3-2021.10.win32_1.0.200.202301161003/tools/bin/../lib/gcc/arm-none-eabi/10.3.1/thumb/v7e-m+fp/hard/crti.o
LOAD c:/st/stm32cubeide_1.6.0/stm32cubeide/plugins/com.st.stm32cube.ide.mcu.externaltools.gnu-tools-for-stm32.10.3-2021.10.win32_1.0.200.202301161003/tools/bin/../lib/gcc/arm-none-eabi/10.3.1/thumb/v7e-m+fp/hard/crtbegin.o
LOAD c:/st/stm32cubeide_1.6.0/stm32cubeide/plugins/com.st.stm32cube.ide.mcu.externaltools.gnu-tools-for-stm32.10.3-2021.10.win32_1.0.200.202301161003/tools/bin/../lib/gcc/arm-none-eabi/10.3.1/../../../../arm-none-eabi/lib/thumb/v7e-m+fp/hard/crt0.o
LOAD ./Common/ThirdParty/FreeRTOS/croutine.o
LOAD ./Common/ThirdParty/FreeRTOS/event_groups.o
LOAD ./Common/ThirdParty/FreeRTOS/list.o
LOAD ./Common/ThirdParty/FreeRTOS/queue.o
LOAD ./Common/ThirdParty/FreeRTOS/stream_buffer.o
LOAD ./Common/ThirdParty/FreeRTOS/tasks.o
LOAD ./Common/ThirdParty/FreeRTOS/timers.o
LOAD ./Common/ThirdParty/FreeRTOS/portable/GCC/ARM_CM4F/port.o
LOAD ./Common/ThirdParty/FreeRTOS/portable/MemMang/heap_4.o
LOAD ./Common/ThirdParty/SEGGER/Config/SEGGER_SYSVIEW_Config_FreeRTOS.o
LOAD ./Common/ThirdParty/SEGGER/OS/SEGGER_SYSVIEW_FreeRTOS.o
LOAD ./Common/ThirdParty/SEGGER/SEGGER/SEGGER_RTT.o
LOAD ./Common/ThirdParty/SEGGER/SEGGER/SEGGER_RTT_ASM_ARMv7M.o
LOAD ./Common/ThirdParty/SEGGER/SEGGER/SEGGER_RTT_printf.o
LOAD ./Common/ThirdParty/SEGGER/SEGGER/SEGGER_SYSVIEW.o
LOAD ./Common/ThirdParty/SEGGER/SEGGER/Syscalls/SEGGER_RTT_Syscalls_GCC.o
LOAD ./Core/Src/main.o
LOAD ./Core/Src/stm32f4xx_hal_msp.o
LOAD ./Core/Src/stm32f4xx_hal_timebase_tim.o
LOAD ./Core/Src/stm32f4xx_it.o
LOAD ./Core/Src/syscalls.o
LOAD ./Core/Src/sysmem.o
LOAD ./Core/Src/system_stm32f4xx.o
LOAD ./Core/Startup/startup_stm32f429zitx.o
LOAD ./Drivers/STM32F4xx_HAL_Driver/Src/stm32f4xx_hal.o
LOAD ./Drivers/STM32F4xx_HAL_Driver/Src/stm32f4xx_hal_cortex.o
LOAD ./Drivers/STM32F4xx_HAL_Driver/Src/stm32f4xx_hal_dma.o
LOAD ./Drivers/STM32F4xx_HAL_Driver/Src/stm32f4xx_hal_dma_ex.o
LOAD ./Drivers/STM32F4xx_HAL_Driver/Src/stm32f4xx_hal_exti.o
LOAD ./Drivers/STM32F4xx_HAL_Driver/Src/stm32f4xx_hal_flash.o
LOAD ./Drivers/STM32F4xx_HAL_Driver/Src/stm32f4xx_hal_flash_ex.o
LOAD ./Drivers/STM32F4xx_HAL_Driver/Src/stm32f4xx_hal_flash_ramfunc.o
LOAD ./Drivers/STM32F4xx_HAL_Driver/Src/stm32f4xx_hal_gpio.o
LOAD ./Drivers/STM32F4xx_HAL_Driver/Src/stm32f4xx_hal_pwr.o
LOAD ./Drivers/STM32F4xx_HAL_Driver/Src/stm32f4xx_hal_pwr_ex.o
LOAD ./Drivers/STM32F4xx_HAL_Driver/Src/stm32f4xx_hal_rcc.o
LOAD ./Drivers/STM32F4xx_HAL_Driver/Src/stm32f4xx_hal_rcc_ex.o
LOAD ./Drivers/STM32F4xx_HAL_Driver/Src/stm32f4xx_hal_tim.o
LOAD ./Drivers/STM32F4xx_HAL_Driver/Src/stm32f4xx_hal_tim_ex.o
START GROUP
LOAD c:/st/stm32cubeide_1.6.0/stm32cubeide/plugins/com.st.stm32cube.ide.mcu.externaltools.gnu-tools-for-stm32.10.3-2021.10.win32_1.0.200.202301161003/tools/bin/../lib/gcc/arm-none-eabi/10.3.1/../../../../arm-none-eabi/lib/thumb/v7e-m+fp/hard\libc_nano.a
LOAD c:/st/stm32cubeide_1.6.0/stm32cubeide/plugins/com.st.stm32cube.ide.mcu.externaltools.gnu-tools-for-stm32.10.3-2021.10.win32_1.0.200.202301161003/tools/bin/../lib/gcc/arm-none-eabi/10.3.1/../../../../arm-none-eabi/lib/thumb/v7e-m+fp/hard\libm.a
END GROUP
START GROUP
LOAD c:/st/stm32cubeide_1.6.0/stm32cubeide/plugins/com.st.stm32cube.ide.mcu.externaltools.gnu-tools-for-stm32.10.3-2021.10.win32_1.0.200.202301161003/tools/bin/../lib/gcc/arm-none-eabi/10.3.1/thumb/v7e-m+fp/hard\libgcc.a
LOAD c:/st/stm32cubeide_1.6.0/stm32cubeide/plugins/com.st.stm32cube.ide.mcu.externaltools.gnu-tools-for-stm32.10.3-2021.10.win32_1.0.200.202301161003/tools/bin/../lib/gcc/arm-none-eabi/10.3.1/../../../../arm-none-eabi/lib/thumb/v7e-m+fp/hard\libc_nano.a
END GROUP
START GROUP
LOAD c:/st/stm32cubeide_1.6.0/stm32cubeide/plugins/com.st.stm32cube.ide.mcu.externaltools.gnu-tools-for-stm32.10.3-2021.10.win32_1.0.200.202301161003/tools/bin/../lib/gcc/arm-none-eabi/10.3.1/thumb/v7e-m+fp/hard\libgcc.a
LOAD c:/st/stm32cubeide_1.6.0/stm32cubeide/plugins/com.st.stm32cube.ide.mcu.externaltools.gnu-tools-for-stm32.10.3-2021.10.win32_1.0.200.202301161003/tools/bin/../lib/gcc/arm-none-eabi/10.3.1/../../../../arm-none-eabi/lib/thumb/v7e-m+fp/hard\libc_nano.a
LOAD c:/st/stm32cubeide_1.6.0/stm32cubeide/plugins/com.st.stm32cube.ide.mcu.externaltools.gnu-tools-for-stm32.10.3-2021.10.win32_1.0.200.202301161003/tools/bin/../lib/gcc/arm-none-eabi/10.3.1/../../../../arm-none-eabi/lib/thumb/v7e-m+fp/hard\libnosys.a
END GROUP
START GROUP
LOAD c:/st/stm32cubeide_1.6.0/stm32cubeide/plugins/com.st.stm32cube.ide.mcu.externaltools.gnu-tools-for-stm32.10.3-2021.10.win32_1.0.200.202301161003/tools/bin/../lib/gcc/arm-none-eabi/10.3.1/thumb/v7e-m+fp/hard\libgcc.a
LOAD c:/st/stm32cubeide_1.6.0/stm32cubeide/plugins/com.st.stm32cube.ide.mcu.externaltools.gnu-tools-for-stm32.10.3-2021.10.win32_1.0.200.202301161003/tools/bin/../lib/gcc/arm-none-eabi/10.3.1/../../../../arm-none-eabi/lib/thumb/v7e-m+fp/hard\libc_nano.a
LOAD c:/st/stm32cubeide_1.6.0/stm32cubeide/plugins/com.st.stm32cube.ide.mcu.externaltools.gnu-tools-for-stm32.10.3-2021.10.win32_1.0.200.202301161003/tools/bin/../lib/gcc/arm-none-eabi/10.3.1/../../../../arm-none-eabi/lib/thumb/v7e-m+fp/hard\libnosys.a
END GROUP
LOAD c:/st/stm32cubeide_1.6.0/stm32cubeide/plugins/com.st.stm32cube.ide.mcu.externaltools.gnu-tools-for-stm32.10.3-2021.10.win32_1.0.200.202301161003/tools/bin/../lib/gcc/arm-none-eabi/10.3.1/thumb/v7e-m+fp/hard/crtend.o
LOAD c:/st/stm32cubeide_1.6.0/stm32cubeide/plugins/com.st.stm32cube.ide.mcu.externaltools.gnu-tools-for-stm32.10.3-2021.10.win32_1.0.200.202301161003/tools/bin/../lib/gcc/arm-none-eabi/10.3.1/thumb/v7e-m+fp/hard/crtn.o
                0x0000000020030000                _estack = (ORIGIN (RAM) + LENGTH (RAM))
                0x0000000000000200                _Min_Heap_Size = 0x200
                0x0000000000000400                _Min_Stack_Size = 0x400

.isr_vector     0x0000000008000000      0x1ac
                0x0000000008000000                . = ALIGN (0x4)
 *(.isr_vector)
 .isr_vector    0x0000000008000000      0x1ac ./Core/Startup/startup_stm32f429zitx.o
                0x0000000008000000                g_pfnVectors
                0x00000000080001ac                . = ALIGN (0x4)

.text           0x00000000080001b0     0x62a8
                0x00000000080001b0                . = ALIGN (0x4)
 *(.text)
 .text          0x00000000080001b0       0x40 c:/st/stm32cubeide_1.6.0/stm32cubeide/plugins/com.st.stm32cube.ide.mcu.externaltools.gnu-tools-for-stm32.10.3-2021.10.win32_1.0.200.202301161003/tools/bin/../lib/gcc/arm-none-eabi/10.3.1/thumb/v7e-m+fp/hard/crtbegin.o
 .text          0x00000000080001f0       0x94 ./Common/ThirdParty/SEGGER/SEGGER/SEGGER_RTT_ASM_ARMv7M.o
                0x00000000080001f0                SEGGER_RTT_ASM_WriteSkipNoLock
 .text          0x0000000008000284       0x30 c:/st/stm32cubeide_1.6.0/stm32cubeide/plugins/com.st.stm32cube.ide.mcu.externaltools.gnu-tools-for-stm32.10.3-2021.10.win32_1.0.200.202301161003/tools/bin/../lib/gcc/arm-none-eabi/10.3.1/thumb/v7e-m+fp/hard\libgcc.a(_aeabi_uldivmod.o)
                0x0000000008000284                __aeabi_uldivmod
 .text          0x00000000080002b4      0x2d0 c:/st/stm32cubeide_1.6.0/stm32cubeide/plugins/com.st.stm32cube.ide.mcu.externaltools.gnu-tools-for-stm32.10.3-2021.10.win32_1.0.200.202301161003/tools/bin/../lib/gcc/arm-none-eabi/10.3.1/thumb/v7e-m+fp/hard\libgcc.a(_udivmoddi4.o)
                0x00000000080002b4                __udivmoddi4
 .text          0x0000000008000584        0x4 c:/st/stm32cubeide_1.6.0/stm32cubeide/plugins/com.st.stm32cube.ide.mcu.externaltools.gnu-tools-for-stm32.10.3-2021.10.win32_1.0.200.202301161003/tools/bin/../lib/gcc/arm-none-eabi/10.3.1/thumb/v7e-m+fp/hard\libgcc.a(_dvmd_tls.o)
                0x0000000008000584                __aeabi_idiv0
                0x0000000008000584                __aeabi_ldiv0
 *(.text*)
 .text.vListInitialise
                0x0000000008000588       0x40 ./Common/ThirdParty/FreeRTOS/list.o
                0x0000000008000588                vListInitialise
 .text.vListInitialiseItem
                0x00000000080005c8       0x1a ./Common/ThirdParty/FreeRTOS/list.o
                0x00000000080005c8                vListInitialiseItem
 .text.vListInsertEnd
                0x00000000080005e2       0x48 ./Common/ThirdParty/FreeRTOS/list.o
                0x00000000080005e2                vListInsertEnd
 .text.vListInsert
                0x000000000800062a       0x72 ./Common/ThirdParty/FreeRTOS/list.o
                0x000000000800062a                vListInsert
 .text.uxListRemove
                0x000000000800069c       0x54 ./Common/ThirdParty/FreeRTOS/list.o
                0x000000000800069c                uxListRemove
 .text.xQueueGenericReset
                0x00000000080006f0       0xd0 ./Common/ThirdParty/FreeRTOS/queue.o
                0x00000000080006f0                xQueueGenericReset
 .text.xQueueGenericCreate
                0x00000000080007c0       0xbe ./Common/ThirdParty/FreeRTOS/queue.o
                0x00000000080007c0                xQueueGenericCreate
 .text.prvInitialiseNewQueue
                0x000000000800087e       0x52 ./Common/ThirdParty/FreeRTOS/queue.o
 .text.xQueueGenericSend
                0x00000000080008d0      0x24c ./Common/ThirdParty/FreeRTOS/queue.o
                0x00000000080008d0                xQueueGenericSend
 .text.xQueueGenericSendFromISR
                0x0000000008000b1c      0x17c ./Common/ThirdParty/FreeRTOS/queue.o
                0x0000000008000b1c                xQueueGenericSendFromISR
 .text.xQueueReceive
                0x0000000008000c98      0x220 ./Common/ThirdParty/FreeRTOS/queue.o
                0x0000000008000c98                xQueueReceive
 .text.prvCopyDataToQueue
                0x0000000008000eb8       0xd4 ./Common/ThirdParty/FreeRTOS/queue.o
 .text.prvCopyDataFromQueue
                0x0000000008000f8c       0x4c ./Common/ThirdParty/FreeRTOS/queue.o
 .text.prvUnlockQueue
                0x0000000008000fd8       0xa4 ./Common/ThirdParty/FreeRTOS/queue.o
 .text.prvIsQueueEmpty
                0x000000000800107c       0x2c ./Common/ThirdParty/FreeRTOS/queue.o
 .text.prvIsQueueFull
                0x00000000080010a8       0x30 ./Common/ThirdParty/FreeRTOS/queue.o
 .text.vQueueAddToRegistry
                0x00000000080010d8       0x64 ./Common/ThirdParty/FreeRTOS/queue.o
                0x00000000080010d8                vQueueAddToRegistry
 .text.vQueueWaitForMessageRestricted
                0x000000000800113c       0x68 ./Common/ThirdParty/FreeRTOS/queue.o
                0x000000000800113c                vQueueWaitForMessageRestricted
 .text.xTaskCreate
                0x00000000080011a4       0x82 ./Common/ThirdParty/FreeRTOS/tasks.o
                0x00000000080011a4                xTaskCreate
 .text.prvInitialiseNewTask
                0x0000000008001226      0x12c ./Common/ThirdParty/FreeRTOS/tasks.o
 *fill*         0x0000000008001352        0x2 
 .text.prvAddNewTaskToReadyList
                0x0000000008001354      0x118 ./Common/ThirdParty/FreeRTOS/tasks.o
 .text.xTaskDelayUntil
                0x000000000800146c      0x104 ./Common/ThirdParty/FreeRTOS/tasks.o
                0x000000000800146c                xTaskDelayUntil
 .text.vTaskStartScheduler
                0x0000000008001570       0xc4 ./Common/ThirdParty/FreeRTOS/tasks.o
                0x0000000008001570                vTaskStartScheduler
 .text.vTaskSuspendAll
                0x0000000008001634       0x1c ./Common/ThirdParty/FreeRTOS/tasks.o
                0x0000000008001634                vTaskSuspendAll
 .text.xTaskResumeAll
                0x0000000008001650      0x140 ./Common/ThirdParty/FreeRTOS/tasks.o
                0x0000000008001650                xTaskResumeAll
 .text.xTaskGetTickCount
                0x0000000008001790       0x20 ./Common/ThirdParty/FreeRTOS/tasks.o
                0x0000000008001790                xTaskGetTickCount
 .text.xTaskIncrementTick
                0x00000000080017b0      0x178 ./Common/ThirdParty/FreeRTOS/tasks.o
                0x00000000080017b0                xTaskIncrementTick
 .text.vTaskSwitchContext
                0x0000000008001928       0xd4 ./Common/ThirdParty/FreeRTOS/tasks.o
                0x0000000008001928                vTaskSwitchContext
 .text.vTaskPlaceOnEventList
                0x00000000080019fc       0x48 ./Common/ThirdParty/FreeRTOS/tasks.o
                0x00000000080019fc                vTaskPlaceOnEventList
 .text.vTaskPlaceOnEventListRestricted
                0x0000000008001a44       0x5c ./Common/ThirdParty/FreeRTOS/tasks.o
                0x0000000008001a44                vTaskPlaceOnEventListRestricted
 .text.xTaskRemoveFromEventList
                0x0000000008001aa0       0xcc ./Common/ThirdParty/FreeRTOS/tasks.o
                0x0000000008001aa0                xTaskRemoveFromEventList
 .text.vTaskInternalSetTimeOutState
                0x0000000008001b6c       0x2c ./Common/ThirdParty/FreeRTOS/tasks.o
                0x0000000008001b6c                vTaskInternalSetTimeOutState
 .text.xTaskCheckForTimeOut
                0x0000000008001b98       0xcc ./Common/ThirdParty/FreeRTOS/tasks.o
                0x0000000008001b98                xTaskCheckForTimeOut
 .text.vTaskMissedYield
                0x0000000008001c64       0x18 ./Common/ThirdParty/FreeRTOS/tasks.o
                0x0000000008001c64                vTaskMissedYield
 .text.prvIdleTask
                0x0000000008001c7c       0x30 ./Common/ThirdParty/FreeRTOS/tasks.o
 .text.prvInitialiseTaskLists
                0x0000000008001cac       0x80 ./Common/ThirdParty/FreeRTOS/tasks.o
 .text.prvCheckTasksWaitingTermination
                0x0000000008001d2c       0x5c ./Common/ThirdParty/FreeRTOS/tasks.o
 .text.prvDeleteTCB
                0x0000000008001d88       0x20 ./Common/ThirdParty/FreeRTOS/tasks.o
 .text.prvResetNextTaskUnblockTime
                0x0000000008001da8       0x38 ./Common/ThirdParty/FreeRTOS/tasks.o
 .text.xTaskGetSchedulerState
                0x0000000008001de0       0x3c ./Common/ThirdParty/FreeRTOS/tasks.o
                0x0000000008001de0                xTaskGetSchedulerState
 .text.xTaskPriorityDisinherit
                0x0000000008001e1c      0x100 ./Common/ThirdParty/FreeRTOS/tasks.o
                0x0000000008001e1c                xTaskPriorityDisinherit
 .text.prvAddCurrentTaskToDelayedList
                0x0000000008001f1c       0xf0 ./Common/ThirdParty/FreeRTOS/tasks.o
 .text.xTimerCreateTimerTask
                0x000000000800200c       0x64 ./Common/ThirdParty/FreeRTOS/timers.o
                0x000000000800200c                xTimerCreateTimerTask
 .text.xTimerGenericCommand
                0x0000000008002070       0x9c ./Common/ThirdParty/FreeRTOS/timers.o
                0x0000000008002070                xTimerGenericCommand
 .text.prvProcessExpiredTimer
                0x000000000800210c       0x98 ./Common/ThirdParty/FreeRTOS/timers.o
 .text.prvTimerTask
                0x00000000080021a4       0x24 ./Common/ThirdParty/FreeRTOS/timers.o
 .text.prvProcessTimerOrBlockTask
                0x00000000080021c8       0x9c ./Common/ThirdParty/FreeRTOS/timers.o
 .text.prvGetNextExpireTime
                0x0000000008002264       0x48 ./Common/ThirdParty/FreeRTOS/timers.o
 .text.prvSampleTimeNow
                0x00000000080022ac       0x40 ./Common/ThirdParty/FreeRTOS/timers.o
 .text.prvInsertTimerInActiveList
                0x00000000080022ec       0x84 ./Common/ThirdParty/FreeRTOS/timers.o
 .text.prvProcessReceivedCommands
                0x0000000008002370      0x18c ./Common/ThirdParty/FreeRTOS/timers.o
 .text.prvSwitchTimerLists
                0x00000000080024fc       0xc8 ./Common/ThirdParty/FreeRTOS/timers.o
 .text.prvCheckForValidListAndQueue
                0x00000000080025c4       0x6c ./Common/ThirdParty/FreeRTOS/timers.o
 .text.pxPortInitialiseStack
                0x0000000008002630       0x68 ./Common/ThirdParty/FreeRTOS/portable/GCC/ARM_CM4F/port.o
                0x0000000008002630                pxPortInitialiseStack
 .text.prvTaskExitError
                0x0000000008002698       0x58 ./Common/ThirdParty/FreeRTOS/portable/GCC/ARM_CM4F/port.o
 .text.SVC_Handler
                0x00000000080026f0       0x28 ./Common/ThirdParty/FreeRTOS/portable/GCC/ARM_CM4F/port.o
                0x00000000080026f0                SVC_Handler
 .text.prvPortStartFirstTask
                0x0000000008002718       0x2c ./Common/ThirdParty/FreeRTOS/portable/GCC/ARM_CM4F/port.o
 .text.xPortStartScheduler
                0x0000000008002744      0x144 ./Common/ThirdParty/FreeRTOS/portable/GCC/ARM_CM4F/port.o
                0x0000000008002744                xPortStartScheduler
 .text.vInitPrioGroupValue
                0x0000000008002888       0xfc ./Common/ThirdParty/FreeRTOS/portable/GCC/ARM_CM4F/port.o
                0x0000000008002888                vInitPrioGroupValue
 .text.vPortEnterCritical
                0x0000000008002984       0x60 ./Common/ThirdParty/FreeRTOS/portable/GCC/ARM_CM4F/port.o
                0x0000000008002984                vPortEnterCritical
 .text.vPortExitCritical
                0x00000000080029e4       0x54 ./Common/ThirdParty/FreeRTOS/portable/GCC/ARM_CM4F/port.o
                0x00000000080029e4                vPortExitCritical
 *fill*         0x0000000008002a38        0x8 
 .text.PendSV_Handler
                0x0000000008002a40       0x68 ./Common/ThirdParty/FreeRTOS/portable/GCC/ARM_CM4F/port.o
                0x0000000008002a40                PendSV_Handler
 .text.SysTick_Handler
                0x0000000008002aa8       0x54 ./Common/ThirdParty/FreeRTOS/portable/GCC/ARM_CM4F/port.o
                0x0000000008002aa8                SysTick_Handler
 .text.vPortSetupTimerInterrupt
                0x0000000008002afc       0x48 ./Common/ThirdParty/FreeRTOS/portable/GCC/ARM_CM4F/port.o
                0x0000000008002afc                vPortSetupTimerInterrupt
 .text.vPortEnableVFP
                0x0000000008002b44       0x18 ./Common/ThirdParty/FreeRTOS/portable/GCC/ARM_CM4F/port.o
 .text.vPortValidateInterruptPriority
                0x0000000008002b5c       0x80 ./Common/ThirdParty/FreeRTOS/portable/GCC/ARM_CM4F/port.o
                0x0000000008002b5c                vPortValidateInterruptPriority
 .text.pvPortMalloc
                0x0000000008002bdc      0x1c0 ./Common/ThirdParty/FreeRTOS/portable/MemMang/heap_4.o
                0x0000000008002bdc                pvPortMalloc
 .text.vPortFree
                0x0000000008002d9c       0xc4 ./Common/ThirdParty/FreeRTOS/portable/MemMang/heap_4.o
                0x0000000008002d9c                vPortFree
 .text.prvHeapInit
                0x0000000008002e60       0xc4 ./Common/ThirdParty/FreeRTOS/portable/MemMang/heap_4.o
 .text.prvInsertBlockIntoFreeList
                0x0000000008002f24       0xb4 ./Common/ThirdParty/FreeRTOS/portable/MemMang/heap_4.o
 .text.SYSVIEW_AddTask
                0x0000000008002fd8       0xd0 ./Common/ThirdParty/SEGGER/OS/SEGGER_SYSVIEW_FreeRTOS.o
                0x0000000008002fd8                SYSVIEW_AddTask
 .text.SYSVIEW_SendTaskInfo
                0x00000000080030a8       0x42 ./Common/ThirdParty/SEGGER/OS/SEGGER_SYSVIEW_FreeRTOS.o
                0x00000000080030a8                SYSVIEW_SendTaskInfo
 *fill*         0x00000000080030ea        0x2 
 .text._DoInit  0x00000000080030ec       0xb0 ./Common/ThirdParty/SEGGER/SEGGER/SEGGER_RTT.o
 .text.SEGGER_RTT_ReadNoLock
                0x000000000800319c      0x10c ./Common/ThirdParty/SEGGER/SEGGER/SEGGER_RTT.o
                0x000000000800319c                SEGGER_RTT_ReadNoLock
 .text._EncodeStr
                0x00000000080032a8       0x9a ./Common/ThirdParty/SEGGER/SEGGER/SEGGER_SYSVIEW.o
 .text._PreparePacket
                0x0000000008003342       0x18 ./Common/ThirdParty/SEGGER/SEGGER/SEGGER_SYSVIEW.o
 *fill*         0x000000000800335a        0x2 
 .text._HandleIncomingPacket
                0x000000000800335c       0xe4 ./Common/ThirdParty/SEGGER/SEGGER/SEGGER_SYSVIEW.o
 .text._TrySendOverflowPacket
                0x0000000008003440       0xe4 ./Common/ThirdParty/SEGGER/SEGGER/SEGGER_SYSVIEW.o
 .text._SendPacket
                0x0000000008003524      0x1cc ./Common/ThirdParty/SEGGER/SEGGER/SEGGER_SYSVIEW.o
 .text.SEGGER_SYSVIEW_RecordVoid
                0x00000000080036f0       0x3c ./Common/ThirdParty/SEGGER/SEGGER/SEGGER_SYSVIEW.o
                0x00000000080036f0                SEGGER_SYSVIEW_RecordVoid
 .text.SEGGER_SYSVIEW_RecordU32
                0x000000000800372c       0x78 ./Common/ThirdParty/SEGGER/SEGGER/SEGGER_SYSVIEW.o
                0x000000000800372c                SEGGER_SYSVIEW_RecordU32
 .text.SEGGER_SYSVIEW_RecordU32x2
                0x00000000080037a4       0xb4 ./Common/ThirdParty/SEGGER/SEGGER/SEGGER_SYSVIEW.o
                0x00000000080037a4                SEGGER_SYSVIEW_RecordU32x2
 .text.SEGGER_SYSVIEW_RecordU32x3
                0x0000000008003858       0xec ./Common/ThirdParty/SEGGER/SEGGER/SEGGER_SYSVIEW.o
                0x0000000008003858                SEGGER_SYSVIEW_RecordU32x3
 .text.SEGGER_SYSVIEW_RecordU32x4
                0x0000000008003944      0x124 ./Common/ThirdParty/SEGGER/SEGGER/SEGGER_SYSVIEW.o
                0x0000000008003944                SEGGER_SYSVIEW_RecordU32x4
 .text.SEGGER_SYSVIEW_Start
                0x0000000008003a68      0x174 ./Common/ThirdParty/SEGGER/SEGGER/SEGGER_SYSVIEW.o
                0x0000000008003a68                SEGGER_SYSVIEW_Start
 .text.SEGGER_SYSVIEW_Stop
                0x0000000008003bdc       0x4c ./Common/ThirdParty/SEGGER/SEGGER/SEGGER_SYSVIEW.o
                0x0000000008003bdc                SEGGER_SYSVIEW_Stop
 .text.SEGGER_SYSVIEW_GetSysDesc
                0x0000000008003c28      0x134 ./Common/ThirdParty/SEGGER/SEGGER/SEGGER_SYSVIEW.o
                0x0000000008003c28                SEGGER_SYSVIEW_GetSysDesc
 .text.SEGGER_SYSVIEW_SendTaskInfo
                0x0000000008003d5c      0x1c8 ./Common/ThirdParty/SEGGER/SEGGER/SEGGER_SYSVIEW.o
                0x0000000008003d5c                SEGGER_SYSVIEW_SendTaskInfo
 .text.SEGGER_SYSVIEW_SendTaskList
                0x0000000008003f24       0x28 ./Common/ThirdParty/SEGGER/SEGGER/SEGGER_SYSVIEW.o
                0x0000000008003f24                SEGGER_SYSVIEW_SendTaskList
 .text.SEGGER_SYSVIEW_RecordSystime
                0x0000000008003f4c       0x64 ./Common/ThirdParty/SEGGER/SEGGER/SEGGER_SYSVIEW.o
                0x0000000008003f4c                SEGGER_SYSVIEW_RecordSystime
 .text.SEGGER_SYSVIEW_RecordEnterISR
                0x0000000008003fb0       0x84 ./Common/ThirdParty/SEGGER/SEGGER/SEGGER_SYSVIEW.o
                0x0000000008003fb0                SEGGER_SYSVIEW_RecordEnterISR
 .text.SEGGER_SYSVIEW_RecordExitISR
                0x0000000008004034       0x38 ./Common/ThirdParty/SEGGER/SEGGER/SEGGER_SYSVIEW.o
                0x0000000008004034                SEGGER_SYSVIEW_RecordExitISR
 .text.SEGGER_SYSVIEW_RecordExitISRToScheduler
                0x000000000800406c       0x38 ./Common/ThirdParty/SEGGER/SEGGER/SEGGER_SYSVIEW.o
                0x000000000800406c                SEGGER_SYSVIEW_RecordExitISRToScheduler
 .text.SEGGER_SYSVIEW_OnIdle
                0x00000000080040a4       0x38 ./Common/ThirdParty/SEGGER/SEGGER/SEGGER_SYSVIEW.o
                0x00000000080040a4                SEGGER_SYSVIEW_OnIdle
 .text.SEGGER_SYSVIEW_OnTaskCreate
                0x00000000080040dc       0x84 ./Common/ThirdParty/SEGGER/SEGGER/SEGGER_SYSVIEW.o
                0x00000000080040dc                SEGGER_SYSVIEW_OnTaskCreate
 .text.SEGGER_SYSVIEW_OnTaskStartExec
                0x0000000008004160       0x84 ./Common/ThirdParty/SEGGER/SEGGER/SEGGER_SYSVIEW.o
                0x0000000008004160                SEGGER_SYSVIEW_OnTaskStartExec
 .text.SEGGER_SYSVIEW_OnTaskStartReady
                0x00000000080041e4       0x84 ./Common/ThirdParty/SEGGER/SEGGER/SEGGER_SYSVIEW.o
                0x00000000080041e4                SEGGER_SYSVIEW_OnTaskStartReady
 .text.SEGGER_SYSVIEW_OnTaskStopReady
                0x0000000008004268       0xc0 ./Common/ThirdParty/SEGGER/SEGGER/SEGGER_SYSVIEW.o
                0x0000000008004268                SEGGER_SYSVIEW_OnTaskStopReady
 .text.SEGGER_SYSVIEW_ShrinkId
                0x0000000008004328       0x20 ./Common/ThirdParty/SEGGER/SEGGER/SEGGER_SYSVIEW.o
                0x0000000008004328                SEGGER_SYSVIEW_ShrinkId
 .text.SEGGER_SYSVIEW_SendModule
                0x0000000008004348      0x100 ./Common/ThirdParty/SEGGER/SEGGER/SEGGER_SYSVIEW.o
                0x0000000008004348                SEGGER_SYSVIEW_SendModule
 .text.SEGGER_SYSVIEW_SendModuleDescription
                0x0000000008004448       0x3c ./Common/ThirdParty/SEGGER/SEGGER/SEGGER_SYSVIEW.o
                0x0000000008004448                SEGGER_SYSVIEW_SendModuleDescription
 .text.SEGGER_SYSVIEW_SendNumModules
                0x0000000008004484       0x7c ./Common/ThirdParty/SEGGER/SEGGER/SEGGER_SYSVIEW.o
                0x0000000008004484                SEGGER_SYSVIEW_SendNumModules
 .text.SEGGER_SYSVIEW_Warn
                0x0000000008004500       0xb8 ./Common/ThirdParty/SEGGER/SEGGER/SEGGER_SYSVIEW.o
                0x0000000008004500                SEGGER_SYSVIEW_Warn
 .text.main     0x00000000080045b8       0xb4 ./Core/Src/main.o
                0x00000000080045b8                main
 .text.SystemClock_Config
                0x000000000800466c       0xd8 ./Core/Src/main.o
                0x000000000800466c                SystemClock_Config
 .text.MX_GPIO_Init
                0x0000000008004744      0x4d8 ./Core/Src/main.o
 .text.GreenLed_Handler
                0x0000000008004c1c       0x48 ./Core/Src/main.o
 .text.RedLed_Handler
                0x0000000008004c64       0x48 ./Core/Src/main.o
 .text.HAL_TIM_PeriodElapsedCallback
                0x0000000008004cac       0x24 ./Core/Src/main.o
                0x0000000008004cac                HAL_TIM_PeriodElapsedCallback
 .text.Error_Handler
                0x0000000008004cd0        0xa ./Core/Src/main.o
                0x0000000008004cd0                Error_Handler
 *fill*         0x0000000008004cda        0x2 
 .text.HAL_MspInit
                0x0000000008004cdc       0x50 ./Core/Src/stm32f4xx_hal_msp.o
                0x0000000008004cdc                HAL_MspInit
 .text.HAL_InitTick
                0x0000000008004d2c       0xf8 ./Core/Src/stm32f4xx_hal_timebase_tim.o
                0x0000000008004d2c                HAL_InitTick
 .text.NMI_Handler
                0x0000000008004e24        0x6 ./Core/Src/stm32f4xx_it.o
                0x0000000008004e24                NMI_Handler
 .text.HardFault_Handler
                0x0000000008004e2a        0x6 ./Core/Src/stm32f4xx_it.o
                0x0000000008004e2a                HardFault_Handler
 .text.MemManage_Handler
                0x0000000008004e30        0x6 ./Core/Src/stm32f4xx_it.o
                0x0000000008004e30                MemManage_Handler
 .text.BusFault_Handler
                0x0000000008004e36        0x6 ./Core/Src/stm32f4xx_it.o
                0x0000000008004e36                BusFault_Handler
 .text.UsageFault_Handler
                0x0000000008004e3c        0x6 ./Core/Src/stm32f4xx_it.o
                0x0000000008004e3c                UsageFault_Handler
 .text.DebugMon_Handler
                0x0000000008004e42        0xe ./Core/Src/stm32f4xx_it.o
                0x0000000008004e42                DebugMon_Handler
 .text.TIM6_DAC_IRQHandler
                0x0000000008004e50       0x14 ./Core/Src/stm32f4xx_it.o
                0x0000000008004e50                TIM6_DAC_IRQHandler
 .text.SystemInit
                0x0000000008004e64       0x24 ./Core/Src/system_stm32f4xx.o
                0x0000000008004e64                SystemInit
 .text.Reset_Handler
                0x0000000008004e88       0x50 ./Core/Startup/startup_stm32f429zitx.o
                0x0000000008004e88                Reset_Handler
 .text.Default_Handler
                0x0000000008004ed8        0x2 ./Core/Startup/startup_stm32f429zitx.o
                0x0000000008004ed8                RTC_Alarm_IRQHandler
                0x0000000008004ed8                HASH_RNG_IRQHandler
                0x0000000008004ed8                EXTI2_IRQHandler
                0x0000000008004ed8                TIM8_CC_IRQHandler
                0x0000000008004ed8                UART8_IRQHandler
                0x0000000008004ed8                SPI4_IRQHandler
                0x0000000008004ed8                TIM1_CC_IRQHandler
                0x0000000008004ed8                DMA2_Stream5_IRQHandler
                0x0000000008004ed8                DMA1_Stream5_IRQHandler
                0x0000000008004ed8                PVD_IRQHandler
                0x0000000008004ed8                SDIO_IRQHandler
                0x0000000008004ed8                TAMP_STAMP_IRQHandler
                0x0000000008004ed8                CAN2_RX1_IRQHandler
                0x0000000008004ed8                EXTI3_IRQHandler
                0x0000000008004ed8                TIM8_TRG_COM_TIM14_IRQHandler
                0x0000000008004ed8                TIM1_UP_TIM10_IRQHandler
                0x0000000008004ed8                TIM8_UP_TIM13_IRQHandler
                0x0000000008004ed8                I2C3_ER_IRQHandler
                0x0000000008004ed8                EXTI0_IRQHandler
                0x0000000008004ed8                I2C2_EV_IRQHandler
                0x0000000008004ed8                DMA1_Stream2_IRQHandler
                0x0000000008004ed8                CAN1_RX0_IRQHandler
                0x0000000008004ed8                FPU_IRQHandler
                0x0000000008004ed8                OTG_HS_WKUP_IRQHandler
                0x0000000008004ed8                LTDC_ER_IRQHandler
                0x0000000008004ed8                CAN2_SCE_IRQHandler
                0x0000000008004ed8                DMA2_Stream2_IRQHandler
                0x0000000008004ed8                SPI1_IRQHandler
                0x0000000008004ed8                TIM1_BRK_TIM9_IRQHandler
                0x0000000008004ed8                DCMI_IRQHandler
                0x0000000008004ed8                CAN2_RX0_IRQHandler
                0x0000000008004ed8                DMA2_Stream3_IRQHandler
                0x0000000008004ed8                USART6_IRQHandler
                0x0000000008004ed8                USART3_IRQHandler
                0x0000000008004ed8                CAN1_RX1_IRQHandler
                0x0000000008004ed8                UART5_IRQHandler
                0x0000000008004ed8                DMA2_Stream0_IRQHandler
                0x0000000008004ed8                TIM4_IRQHandler
                0x0000000008004ed8                I2C1_EV_IRQHandler
                0x0000000008004ed8                DMA1_Stream6_IRQHandler
                0x0000000008004ed8                DMA1_Stream1_IRQHandler
                0x0000000008004ed8                UART4_IRQHandler
                0x0000000008004ed8                TIM3_IRQHandler
                0x0000000008004ed8                RCC_IRQHandler
                0x0000000008004ed8                TIM8_BRK_TIM12_IRQHandler
                0x0000000008004ed8                Default_Handler
                0x0000000008004ed8                EXTI15_10_IRQHandler
                0x0000000008004ed8                ADC_IRQHandler
                0x0000000008004ed8                DMA1_Stream7_IRQHandler
                0x0000000008004ed8                SPI5_IRQHandler
                0x0000000008004ed8                TIM7_IRQHandler
                0x0000000008004ed8                CAN2_TX_IRQHandler
                0x0000000008004ed8                TIM5_IRQHandler
                0x0000000008004ed8                DMA2_Stream7_IRQHandler
                0x0000000008004ed8                I2C3_EV_IRQHandler
                0x0000000008004ed8                EXTI9_5_IRQHandler
                0x0000000008004ed8                RTC_WKUP_IRQHandler
                0x0000000008004ed8                LTDC_IRQHandler
                0x0000000008004ed8                ETH_WKUP_IRQHandler
                0x0000000008004ed8                SPI2_IRQHandler
                0x0000000008004ed8                OTG_HS_EP1_IN_IRQHandler
                0x0000000008004ed8                DMA1_Stream0_IRQHandler
                0x0000000008004ed8                CAN1_TX_IRQHandler
                0x0000000008004ed8                EXTI4_IRQHandler
                0x0000000008004ed8                ETH_IRQHandler
                0x0000000008004ed8                OTG_HS_EP1_OUT_IRQHandler
                0x0000000008004ed8                WWDG_IRQHandler
                0x0000000008004ed8                SPI6_IRQHandler
                0x0000000008004ed8                TIM2_IRQHandler
                0x0000000008004ed8                OTG_FS_WKUP_IRQHandler
                0x0000000008004ed8                TIM1_TRG_COM_TIM11_IRQHandler
                0x0000000008004ed8                OTG_HS_IRQHandler
                0x0000000008004ed8                DMA2D_IRQHandler
                0x0000000008004ed8                EXTI1_IRQHandler
                0x0000000008004ed8                UART7_IRQHandler
                0x0000000008004ed8                USART2_IRQHandler
                0x0000000008004ed8                I2C2_ER_IRQHandler
                0x0000000008004ed8                DMA2_Stream1_IRQHandler
                0x0000000008004ed8                CAN1_SCE_IRQHandler
                0x0000000008004ed8                FLASH_IRQHandler
                0x0000000008004ed8                DMA2_Stream4_IRQHandler
                0x0000000008004ed8                USART1_IRQHandler
                0x0000000008004ed8                OTG_FS_IRQHandler
                0x0000000008004ed8                SPI3_IRQHandler
                0x0000000008004ed8                DMA1_Stream4_IRQHandler
                0x0000000008004ed8                I2C1_ER_IRQHandler
                0x0000000008004ed8                FMC_IRQHandler
                0x0000000008004ed8                DMA2_Stream6_IRQHandler
                0x0000000008004ed8                SAI1_IRQHandler
                0x0000000008004ed8                DMA1_Stream3_IRQHandler
 *fill*         0x0000000008004eda        0x2 
 .text.HAL_Init
                0x0000000008004edc       0x44 ./Drivers/STM32F4xx_HAL_Driver/Src/stm32f4xx_hal.o
                0x0000000008004edc                HAL_Init
 .text.HAL_IncTick
                0x0000000008004f20       0x28 ./Drivers/STM32F4xx_HAL_Driver/Src/stm32f4xx_hal.o
                0x0000000008004f20                HAL_IncTick
 .text.HAL_GetTick
                0x0000000008004f48       0x18 ./Drivers/STM32F4xx_HAL_Driver/Src/stm32f4xx_hal.o
                0x0000000008004f48                HAL_GetTick
 .text.__NVIC_SetPriorityGrouping
                0x0000000008004f60       0x48 ./Drivers/STM32F4xx_HAL_Driver/Src/stm32f4xx_hal_cortex.o
 .text.__NVIC_GetPriorityGrouping
                0x0000000008004fa8       0x1c ./Drivers/STM32F4xx_HAL_Driver/Src/stm32f4xx_hal_cortex.o
 .text.__NVIC_EnableIRQ
                0x0000000008004fc4       0x3c ./Drivers/STM32F4xx_HAL_Driver/Src/stm32f4xx_hal_cortex.o
 .text.__NVIC_SetPriority
                0x0000000008005000       0x54 ./Drivers/STM32F4xx_HAL_Driver/Src/stm32f4xx_hal_cortex.o
 .text.NVIC_EncodePriority
                0x0000000008005054       0x66 ./Drivers/STM32F4xx_HAL_Driver/Src/stm32f4xx_hal_cortex.o
 .text.HAL_NVIC_SetPriorityGrouping
                0x00000000080050ba       0x16 ./Drivers/STM32F4xx_HAL_Driver/Src/stm32f4xx_hal_cortex.o
                0x00000000080050ba                HAL_NVIC_SetPriorityGrouping
 .text.HAL_NVIC_SetPriority
                0x00000000080050d0       0x38 ./Drivers/STM32F4xx_HAL_Driver/Src/stm32f4xx_hal_cortex.o
                0x00000000080050d0                HAL_NVIC_SetPriority
 .text.HAL_NVIC_EnableIRQ
                0x0000000008005108       0x1c ./Drivers/STM32F4xx_HAL_Driver/Src/stm32f4xx_hal_cortex.o
                0x0000000008005108                HAL_NVIC_EnableIRQ
 .text.HAL_GPIO_Init
                0x0000000008005124      0x358 ./Drivers/STM32F4xx_HAL_Driver/Src/stm32f4xx_hal_gpio.o
                0x0000000008005124                HAL_GPIO_Init
 .text.HAL_GPIO_WritePin
                0x000000000800547c       0x32 ./Drivers/STM32F4xx_HAL_Driver/Src/stm32f4xx_hal_gpio.o
                0x000000000800547c                HAL_GPIO_WritePin
 .text.HAL_GPIO_TogglePin
                0x00000000080054ae       0x34 ./Drivers/STM32F4xx_HAL_Driver/Src/stm32f4xx_hal_gpio.o
                0x00000000080054ae                HAL_GPIO_TogglePin
 *fill*         0x00000000080054e2        0x2 
 .text.HAL_RCC_OscConfig
                0x00000000080054e4      0x4f0 ./Drivers/STM32F4xx_HAL_Driver/Src/stm32f4xx_hal_rcc.o
                0x00000000080054e4                HAL_RCC_OscConfig
 .text.HAL_RCC_ClockConfig
                0x00000000080059d4      0x1cc ./Drivers/STM32F4xx_HAL_Driver/Src/stm32f4xx_hal_rcc.o
                0x00000000080059d4                HAL_RCC_ClockConfig
 .text.HAL_RCC_GetSysClockFreq
                0x0000000008005ba0      0x20c ./Drivers/STM32F4xx_HAL_Driver/Src/stm32f4xx_hal_rcc.o
                0x0000000008005ba0                HAL_RCC_GetSysClockFreq
 .text.HAL_RCC_GetHCLKFreq
                0x0000000008005dac       0x18 ./Drivers/STM32F4xx_HAL_Driver/Src/stm32f4xx_hal_rcc.o
                0x0000000008005dac                HAL_RCC_GetHCLKFreq
 .text.HAL_RCC_GetPCLK1Freq
                0x0000000008005dc4       0x28 ./Drivers/STM32F4xx_HAL_Driver/Src/stm32f4xx_hal_rcc.o
                0x0000000008005dc4                HAL_RCC_GetPCLK1Freq
 .text.HAL_RCC_GetClockConfig
                0x0000000008005dec       0x64 ./Drivers/STM32F4xx_HAL_Driver/Src/stm32f4xx_hal_rcc.o
                0x0000000008005dec                HAL_RCC_GetClockConfig
 .text.HAL_TIM_Base_Init
                0x0000000008005e50       0x9e ./Drivers/STM32F4xx_HAL_Driver/Src/stm32f4xx_hal_tim.o
                0x0000000008005e50                HAL_TIM_Base_Init
 .text.HAL_TIM_Base_MspInit
                0x0000000008005eee       0x14 ./Drivers/STM32F4xx_HAL_Driver/Src/stm32f4xx_hal_tim.o
                0x0000000008005eee                HAL_TIM_Base_MspInit
 *fill*         0x0000000008005f02        0x2 
 .text.HAL_TIM_Base_Start_IT
                0x0000000008005f04       0xe0 ./Drivers/STM32F4xx_HAL_Driver/Src/stm32f4xx_hal_tim.o
                0x0000000008005f04                HAL_TIM_Base_Start_IT
 .text.HAL_TIM_IRQHandler
                0x0000000008005fe4      0x210 ./Drivers/STM32F4xx_HAL_Driver/Src/stm32f4xx_hal_tim.o
                0x0000000008005fe4                HAL_TIM_IRQHandler
 .text.HAL_TIM_OC_DelayElapsedCallback
                0x00000000080061f4       0x14 ./Drivers/STM32F4xx_HAL_Driver/Src/stm32f4xx_hal_tim.o
                0x00000000080061f4                HAL_TIM_OC_DelayElapsedCallback
 .text.HAL_TIM_IC_CaptureCallback
                0x0000000008006208       0x14 ./Drivers/STM32F4xx_HAL_Driver/Src/stm32f4xx_hal_tim.o
                0x0000000008006208                HAL_TIM_IC_CaptureCallback
 .text.HAL_TIM_PWM_PulseFinishedCallback
                0x000000000800621c       0x14 ./Drivers/STM32F4xx_HAL_Driver/Src/stm32f4xx_hal_tim.o
                0x000000000800621c                HAL_TIM_PWM_PulseFinishedCallback
 .text.HAL_TIM_TriggerCallback
                0x0000000008006230       0x14 ./Drivers/STM32F4xx_HAL_Driver/Src/stm32f4xx_hal_tim.o
                0x0000000008006230                HAL_TIM_TriggerCallback
 .text.TIM_Base_SetConfig
                0x0000000008006244      0x140 ./Drivers/STM32F4xx_HAL_Driver/Src/stm32f4xx_hal_tim.o
                0x0000000008006244                TIM_Base_SetConfig
 .text.HAL_TIMEx_CommutCallback
                0x0000000008006384       0x14 ./Drivers/STM32F4xx_HAL_Driver/Src/stm32f4xx_hal_tim_ex.o
                0x0000000008006384                HAL_TIMEx_CommutCallback
 .text.HAL_TIMEx_BreakCallback
                0x0000000008006398       0x14 ./Drivers/STM32F4xx_HAL_Driver/Src/stm32f4xx_hal_tim_ex.o
                0x0000000008006398                HAL_TIMEx_BreakCallback
 .text.__libc_init_array
                0x00000000080063ac       0x48 c:/st/stm32cubeide_1.6.0/stm32cubeide/plugins/com.st.stm32cube.ide.mcu.externaltools.gnu-tools-for-stm32.10.3-2021.10.win32_1.0.200.202301161003/tools/bin/../lib/gcc/arm-none-eabi/10.3.1/../../../../arm-none-eabi/lib/thumb/v7e-m+fp/hard\libc_nano.a(lib_a-init.o)
                0x00000000080063ac                __libc_init_array
 .text.memcmp   0x00000000080063f4       0x20 c:/st/stm32cubeide_1.6.0/stm32cubeide/plugins/com.st.stm32cube.ide.mcu.externaltools.gnu-tools-for-stm32.10.3-2021.10.win32_1.0.200.202301161003/tools/bin/../lib/gcc/arm-none-eabi/10.3.1/../../../../arm-none-eabi/lib/thumb/v7e-m+fp/hard\libc_nano.a(lib_a-memcmp.o)
                0x00000000080063f4                memcmp
 .text.memcpy   0x0000000008006414       0x1c c:/st/stm32cubeide_1.6.0/stm32cubeide/plugins/com.st.stm32cube.ide.mcu.externaltools.gnu-tools-for-stm32.10.3-2021.10.win32_1.0.200.202301161003/tools/bin/../lib/gcc/arm-none-eabi/10.3.1/../../../../arm-none-eabi/lib/thumb/v7e-m+fp/hard\libc_nano.a(lib_a-memcpy-stub.o)
                0x0000000008006414                memcpy
 .text.memset   0x0000000008006430       0x10 c:/st/stm32cubeide_1.6.0/stm32cubeide/plugins/com.st.stm32cube.ide.mcu.externaltools.gnu-tools-for-stm32.10.3-2021.10.win32_1.0.200.202301161003/tools/bin/../lib/gcc/arm-none-eabi/10.3.1/../../../../arm-none-eabi/lib/thumb/v7e-m+fp/hard\libc_nano.a(lib_a-memset.o)
                0x0000000008006430                memset
 *(.glue_7)
 .glue_7        0x0000000008006440        0x0 linker stubs
 *(.glue_7t)
 .glue_7t       0x0000000008006440        0x0 linker stubs
 *(.eh_frame)
 .eh_frame      0x0000000008006440        0x0 c:/st/stm32cubeide_1.6.0/stm32cubeide/plugins/com.st.stm32cube.ide.mcu.externaltools.gnu-tools-for-stm32.10.3-2021.10.win32_1.0.200.202301161003/tools/bin/../lib/gcc/arm-none-eabi/10.3.1/thumb/v7e-m+fp/hard/crtbegin.o
 *(.init)
 .init          0x0000000008006440        0x4 c:/st/stm32cubeide_1.6.0/stm32cubeide/plugins/com.st.stm32cube.ide.mcu.externaltools.gnu-tools-for-stm32.10.3-2021.10.win32_1.0.200.202301161003/tools/bin/../lib/gcc/arm-none-eabi/10.3.1/thumb/v7e-m+fp/hard/crti.o
                0x0000000008006440                _init
 .init          0x0000000008006444        0x8 c:/st/stm32cubeide_1.6.0/stm32cubeide/plugins/com.st.stm32cube.ide.mcu.externaltools.gnu-tools-for-stm32.10.3-2021.10.win32_1.0.200.202301161003/tools/bin/../lib/gcc/arm-none-eabi/10.3.1/thumb/v7e-m+fp/hard/crtn.o
 *(.fini)
 .fini          0x000000000800644c        0x4 c:/st/stm32cubeide_1.6.0/stm32cubeide/plugins/com.st.stm32cube.ide.mcu.externaltools.gnu-tools-for-stm32.10.3-2021.10.win32_1.0.200.202301161003/tools/bin/../lib/gcc/arm-none-eabi/10.3.1/thumb/v7e-m+fp/hard/crti.o
                0x000000000800644c                _fini
 .fini          0x0000000008006450        0x8 c:/st/stm32cubeide_1.6.0/stm32cubeide/plugins/com.st.stm32cube.ide.mcu.externaltools.gnu-tools-for-stm32.10.3-2021.10.win32_1.0.200.202301161003/tools/bin/../lib/gcc/arm-none-eabi/10.3.1/thumb/v7e-m+fp/hard/crtn.o
                0x0000000008006458                . = ALIGN (0x4)
                0x0000000008006458                _etext = .

.vfp11_veneer   0x0000000008006458        0x0
 .vfp11_veneer  0x0000000008006458        0x0 linker stubs

.v4_bx          0x0000000008006458        0x0
 .v4_bx         0x0000000008006458        0x0 linker stubs

.iplt           0x0000000008006458        0x0
 .iplt          0x0000000008006458        0x0 c:/st/stm32cubeide_1.6.0/stm32cubeide/plugins/com.st.stm32cube.ide.mcu.externaltools.gnu-tools-for-stm32.10.3-2021.10.win32_1.0.200.202301161003/tools/bin/../lib/gcc/arm-none-eabi/10.3.1/thumb/v7e-m+fp/hard/crtbegin.o

.rodata         0x0000000008006458       0xbc
                0x0000000008006458                . = ALIGN (0x4)
 *(.rodata)
 .rodata        0x0000000008006458        0x5 ./Common/ThirdParty/FreeRTOS/tasks.o
 *fill*         0x000000000800645d        0x3 
 .rodata        0x0000000008006460        0xd ./Common/ThirdParty/FreeRTOS/timers.o
 *fill*         0x000000000800646d        0x3 
 .rodata        0x0000000008006470       0x58 ./Common/ThirdParty/SEGGER/OS/SEGGER_SYSVIEW_FreeRTOS.o
 .rodata        0x00000000080064c8       0x17 ./Common/ThirdParty/SEGGER/SEGGER/SEGGER_RTT.o
 *fill*         0x00000000080064df        0x1 
 .rodata        0x00000000080064e0        0xe ./Core/Src/main.o
 *(.rodata*)
 *fill*         0x00000000080064ee        0x2 
 .rodata._abSync
                0x00000000080064f0        0xa ./Common/ThirdParty/SEGGER/SEGGER/SEGGER_SYSVIEW.o
 *fill*         0x00000000080064fa        0x2 
 .rodata.AHBPrescTable
                0x00000000080064fc       0x10 ./Core/Src/system_stm32f4xx.o
                0x00000000080064fc                AHBPrescTable
 .rodata.APBPrescTable
                0x000000000800650c        0x8 ./Core/Src/system_stm32f4xx.o
                0x000000000800650c                APBPrescTable
                0x0000000008006514                . = ALIGN (0x4)

.ARM.extab      0x0000000008006514        0x0
                0x0000000008006514                . = ALIGN (0x4)
 *(.ARM.extab* .gnu.linkonce.armextab.*)
                0x0000000008006514                . = ALIGN (0x4)

.ARM            0x0000000008006514        0x8
                0x0000000008006514                . = ALIGN (0x4)
                0x0000000008006514                __exidx_start = .
 *(.ARM.exidx*)
 .ARM.exidx     0x0000000008006514        0x8 c:/st/stm32cubeide_1.6.0/stm32cubeide/plugins/com.st.stm32cube.ide.mcu.externaltools.gnu-tools-for-stm32.10.3-2021.10.win32_1.0.200.202301161003/tools/bin/../lib/gcc/arm-none-eabi/10.3.1/thumb/v7e-m+fp/hard\libgcc.a(_udivmoddi4.o)
                0x000000000800651c                __exidx_end = .
                0x000000000800651c                . = ALIGN (0x4)

.rel.dyn        0x000000000800651c        0x0
 .rel.iplt      0x000000000800651c        0x0 c:/st/stm32cubeide_1.6.0/stm32cubeide/plugins/com.st.stm32cube.ide.mcu.externaltools.gnu-tools-for-stm32.10.3-2021.10.win32_1.0.200.202301161003/tools/bin/../lib/gcc/arm-none-eabi/10.3.1/thumb/v7e-m+fp/hard/crtbegin.o

.preinit_array  0x000000000800651c        0x0
                0x000000000800651c                . = ALIGN (0x4)
                0x000000000800651c                PROVIDE (__preinit_array_start = .)
 *(.preinit_array*)
                0x000000000800651c                PROVIDE (__preinit_array_end = .)
                0x000000000800651c                . = ALIGN (0x4)

.init_array     0x000000000800651c        0x4
                0x000000000800651c                . = ALIGN (0x4)
                0x000000000800651c                PROVIDE (__init_array_start = .)
 *(SORT_BY_NAME(.init_array.*))
 *(.init_array*)
 .init_array    0x000000000800651c        0x4 c:/st/stm32cubeide_1.6.0/stm32cubeide/plugins/com.st.stm32cube.ide.mcu.externaltools.gnu-tools-for-stm32.10.3-2021.10.win32_1.0.200.202301161003/tools/bin/../lib/gcc/arm-none-eabi/10.3.1/thumb/v7e-m+fp/hard/crtbegin.o
                0x0000000008006520                PROVIDE (__init_array_end = .)
                0x0000000008006520                . = ALIGN (0x4)

.fini_array     0x0000000008006520        0x4
                0x0000000008006520                . = ALIGN (0x4)
                [!provide]                        PROVIDE (__fini_array_start = .)
 *(SORT_BY_NAME(.fini_array.*))
 *(.fini_array*)
 .fini_array    0x0000000008006520        0x4 c:/st/stm32cubeide_1.6.0/stm32cubeide/plugins/com.st.stm32cube.ide.mcu.externaltools.gnu-tools-for-stm32.10.3-2021.10.win32_1.0.200.202301161003/tools/bin/../lib/gcc/arm-none-eabi/10.3.1/thumb/v7e-m+fp/hard/crtbegin.o
                [!provide]                        PROVIDE (__fini_array_end = .)
                0x0000000008006524                . = ALIGN (0x4)
                0x0000000008006524                _sidata = LOADADDR (.data)

.data           0x0000000020000000       0x14 load address 0x0000000008006524
                0x0000000020000000                . = ALIGN (0x4)
                0x0000000020000000                _sdata = .
 *(.data)
 *(.data*)
 .data.uxTopUsedPriority
                0x0000000020000000        0x4 ./Common/ThirdParty/FreeRTOS/tasks.o
                0x0000000020000000                uxTopUsedPriority
 .data.uxCriticalNesting
                0x0000000020000004        0x4 ./Common/ThirdParty/FreeRTOS/portable/GCC/ARM_CM4F/port.o
 .data.SystemCoreClock
                0x0000000020000008        0x4 ./Core/Src/system_stm32f4xx.o
                0x0000000020000008                SystemCoreClock
 .data.uwTickPrio
                0x000000002000000c        0x4 ./Drivers/STM32F4xx_HAL_Driver/Src/stm32f4xx_hal.o
                0x000000002000000c                uwTickPrio
 .data.uwTickFreq
                0x0000000020000010        0x1 ./Drivers/STM32F4xx_HAL_Driver/Src/stm32f4xx_hal.o
                0x0000000020000010                uwTickFreq
 *(.RamFunc)
 *(.RamFunc*)
                0x0000000020000014                . = ALIGN (0x4)
 *fill*         0x0000000020000011        0x3 
                0x0000000020000014                _edata = .
                0x0000000008006538                _siccmram = LOADADDR (.ccmram)

.igot.plt       0x0000000020000014        0x0 load address 0x0000000008006538
 .igot.plt      0x0000000020000014        0x0 c:/st/stm32cubeide_1.6.0/stm32cubeide/plugins/com.st.stm32cube.ide.mcu.externaltools.gnu-tools-for-stm32.10.3-2021.10.win32_1.0.200.202301161003/tools/bin/../lib/gcc/arm-none-eabi/10.3.1/thumb/v7e-m+fp/hard/crtbegin.o

.ccmram         0x0000000010000000        0x0 load address 0x0000000008006538
                0x0000000010000000                . = ALIGN (0x4)
                0x0000000010000000                _sccmram = .
 *(.ccmram)
 *(.ccmram*)
                0x0000000010000000                . = ALIGN (0x4)
                0x0000000010000000                _eccmram = .
                0x0000000010000000                . = ALIGN (0x4)

.bss            0x0000000020000014    0x1348c
                0x0000000020000014                _sbss = .
                0x0000000020000014                __bss_start__ = _sbss
 *(.bss)
 .bss           0x0000000020000014       0x1c c:/st/stm32cubeide_1.6.0/stm32cubeide/plugins/com.st.stm32cube.ide.mcu.externaltools.gnu-tools-for-stm32.10.3-2021.10.win32_1.0.200.202301161003/tools/bin/../lib/gcc/arm-none-eabi/10.3.1/thumb/v7e-m+fp/hard/crtbegin.o
 *(.bss*)
 .bss.xQueueRegistry
                0x0000000020000030       0x40 ./Common/ThirdParty/FreeRTOS/queue.o
                0x0000000020000030                xQueueRegistry
 .bss.pxCurrentTCB
                0x0000000020000070        0x4 ./Common/ThirdParty/FreeRTOS/tasks.o
                0x0000000020000070                pxCurrentTCB
 .bss.pxReadyTasksLists
                0x0000000020000074       0x64 ./Common/ThirdParty/FreeRTOS/tasks.o
 .bss.xDelayedTaskList1
                0x00000000200000d8       0x14 ./Common/ThirdParty/FreeRTOS/tasks.o
 .bss.xDelayedTaskList2
                0x00000000200000ec       0x14 ./Common/ThirdParty/FreeRTOS/tasks.o
 .bss.pxDelayedTaskList
                0x0000000020000100        0x4 ./Common/ThirdParty/FreeRTOS/tasks.o
 .bss.pxOverflowDelayedTaskList
                0x0000000020000104        0x4 ./Common/ThirdParty/FreeRTOS/tasks.o
 .bss.xPendingReadyList
                0x0000000020000108       0x14 ./Common/ThirdParty/FreeRTOS/tasks.o
 .bss.xTasksWaitingTermination
                0x000000002000011c       0x14 ./Common/ThirdParty/FreeRTOS/tasks.o
 .bss.uxDeletedTasksWaitingCleanUp
                0x0000000020000130        0x4 ./Common/ThirdParty/FreeRTOS/tasks.o
 .bss.xSuspendedTaskList
                0x0000000020000134       0x14 ./Common/ThirdParty/FreeRTOS/tasks.o
 .bss.uxCurrentNumberOfTasks
                0x0000000020000148        0x4 ./Common/ThirdParty/FreeRTOS/tasks.o
 .bss.xTickCount
                0x000000002000014c        0x4 ./Common/ThirdParty/FreeRTOS/tasks.o
 .bss.uxTopReadyPriority
                0x0000000020000150        0x4 ./Common/ThirdParty/FreeRTOS/tasks.o
 .bss.xSchedulerRunning
                0x0000000020000154        0x4 ./Common/ThirdParty/FreeRTOS/tasks.o
 .bss.xPendedTicks
                0x0000000020000158        0x4 ./Common/ThirdParty/FreeRTOS/tasks.o
 .bss.xYieldPending
                0x000000002000015c        0x4 ./Common/ThirdParty/FreeRTOS/tasks.o
 .bss.xNumOfOverflows
                0x0000000020000160        0x4 ./Common/ThirdParty/FreeRTOS/tasks.o
 .bss.uxTaskNumber
                0x0000000020000164        0x4 ./Common/ThirdParty/FreeRTOS/tasks.o
 .bss.xNextTaskUnblockTime
                0x0000000020000168        0x4 ./Common/ThirdParty/FreeRTOS/tasks.o
 .bss.xIdleTaskHandle
                0x000000002000016c        0x4 ./Common/ThirdParty/FreeRTOS/tasks.o
 .bss.uxSchedulerSuspended
                0x0000000020000170        0x4 ./Common/ThirdParty/FreeRTOS/tasks.o
 .bss.xActiveTimerList1
                0x0000000020000174       0x14 ./Common/ThirdParty/FreeRTOS/timers.o
 .bss.xActiveTimerList2
                0x0000000020000188       0x14 ./Common/ThirdParty/FreeRTOS/timers.o
 .bss.pxCurrentTimerList
                0x000000002000019c        0x4 ./Common/ThirdParty/FreeRTOS/timers.o
 .bss.pxOverflowTimerList
                0x00000000200001a0        0x4 ./Common/ThirdParty/FreeRTOS/timers.o
 .bss.xTimerQueue
                0x00000000200001a4        0x4 ./Common/ThirdParty/FreeRTOS/timers.o
 .bss.xTimerTaskHandle
                0x00000000200001a8        0x4 ./Common/ThirdParty/FreeRTOS/timers.o
 .bss.xLastTime.0
                0x00000000200001ac        0x4 ./Common/ThirdParty/FreeRTOS/timers.o
 .bss.ucMaxSysCallPriority
                0x00000000200001b0        0x1 ./Common/ThirdParty/FreeRTOS/portable/GCC/ARM_CM4F/port.o
 *fill*         0x00000000200001b1        0x3 
 .bss.ulMaxPRIGROUPValue
                0x00000000200001b4        0x4 ./Common/ThirdParty/FreeRTOS/portable/GCC/ARM_CM4F/port.o
 .bss.ucHeap    0x00000000200001b8    0x12c00 ./Common/ThirdParty/FreeRTOS/portable/MemMang/heap_4.o
 .bss.xStart    0x0000000020012db8        0x8 ./Common/ThirdParty/FreeRTOS/portable/MemMang/heap_4.o
 .bss.pxEnd     0x0000000020012dc0        0x4 ./Common/ThirdParty/FreeRTOS/portable/MemMang/heap_4.o
 .bss.xFreeBytesRemaining
                0x0000000020012dc4        0x4 ./Common/ThirdParty/FreeRTOS/portable/MemMang/heap_4.o
 .bss.xMinimumEverFreeBytesRemaining
                0x0000000020012dc8        0x4 ./Common/ThirdParty/FreeRTOS/portable/MemMang/heap_4.o
 .bss.xNumberOfSuccessfulAllocations
                0x0000000020012dcc        0x4 ./Common/ThirdParty/FreeRTOS/portable/MemMang/heap_4.o
 .bss.xNumberOfSuccessfulFrees
                0x0000000020012dd0        0x4 ./Common/ThirdParty/FreeRTOS/portable/MemMang/heap_4.o
 .bss.xBlockAllocatedBit
                0x0000000020012dd4        0x4 ./Common/ThirdParty/FreeRTOS/portable/MemMang/heap_4.o
 .bss._aTasks   0x0000000020012dd8       0xa0 ./Common/ThirdParty/SEGGER/OS/SEGGER_SYSVIEW_FreeRTOS.o
 .bss._NumTasks
                0x0000000020012e78        0x4 ./Common/ThirdParty/SEGGER/OS/SEGGER_SYSVIEW_FreeRTOS.o
 .bss._SEGGER_RTT
                0x0000000020012e7c       0xa8 ./Common/ThirdParty/SEGGER/SEGGER/SEGGER_RTT.o
                0x0000000020012e7c                _SEGGER_RTT
 .bss._acUpBuffer
                0x0000000020012f24      0x400 ./Common/ThirdParty/SEGGER/SEGGER/SEGGER_RTT.o
 .bss._acDownBuffer
                0x0000000020013324       0x10 ./Common/ThirdParty/SEGGER/SEGGER/SEGGER_RTT.o
 .bss._SYSVIEW_Globals
                0x0000000020013334       0x28 ./Common/ThirdParty/SEGGER/SEGGER/SEGGER_SYSVIEW.o
 .bss._pFirstModule
                0x000000002001335c        0x4 ./Common/ThirdParty/SEGGER/SEGGER/SEGGER_SYSVIEW.o
 .bss._NumModules
                0x0000000020013360        0x1 ./Common/ThirdParty/SEGGER/SEGGER/SEGGER_SYSVIEW.o
 *fill*         0x0000000020013361        0x3 
 .bss._aPacket  0x0000000020013364       0xe3 ./Common/ThirdParty/SEGGER/SEGGER/SEGGER_SYSVIEW.o
 *fill*         0x0000000020013447        0x1 
 .bss.IsSuccess
                0x0000000020013448        0x4 ./Core/Src/main.o
                0x0000000020013448                IsSuccess
 .bss.GreenLed_handle
                0x000000002001344c        0x4 ./Core/Src/main.o
                0x000000002001344c                GreenLed_handle
 .bss.RedLed_handle
                0x0000000020013450        0x4 ./Core/Src/main.o
                0x0000000020013450                RedLed_handle
 .bss.htim6     0x0000000020013454       0x48 ./Core/Src/stm32f4xx_hal_timebase_tim.o
                0x0000000020013454                htim6
 .bss.uwTick    0x000000002001349c        0x4 ./Drivers/STM32F4xx_HAL_Driver/Src/stm32f4xx_hal.o
                0x000000002001349c                uwTick
 *(COMMON)
                0x00000000200134a0                . = ALIGN (0x4)
                0x00000000200134a0                _ebss = .
                0x00000000200134a0                __bss_end__ = _ebss

._user_heap_stack
                0x00000000200134a0      0x600
                0x00000000200134a0                . = ALIGN (0x8)
                [!provide]                        PROVIDE (end = .)
                0x00000000200134a0                PROVIDE (_end = .)
                0x00000000200136a0                . = (. + _Min_Heap_Size)
 *fill*         0x00000000200134a0      0x200 
                0x0000000020013aa0                . = (. + _Min_Stack_Size)
 *fill*         0x00000000200136a0      0x400 
                0x0000000020013aa0                . = ALIGN (0x8)

/DISCARD/
 libc.a(*)
 libm.a(*)
 libgcc.a(*)

.ARM.attributes
                0x0000000000000000       0x30
 *(.ARM.attributes)
 .ARM.attributes
                0x0000000000000000       0x1e c:/st/stm32cubeide_1.6.0/stm32cubeide/plugins/com.st.stm32cube.ide.mcu.externaltools.gnu-tools-for-stm32.10.3-2021.10.win32_1.0.200.202301161003/tools/bin/../lib/gcc/arm-none-eabi/10.3.1/thumb/v7e-m+fp/hard/crti.o
 .ARM.attributes
                0x000000000000001e       0x34 c:/st/stm32cubeide_1.6.0/stm32cubeide/plugins/com.st.stm32cube.ide.mcu.externaltools.gnu-tools-for-stm32.10.3-2021.10.win32_1.0.200.202301161003/tools/bin/../lib/gcc/arm-none-eabi/10.3.1/thumb/v7e-m+fp/hard/crtbegin.o
 .ARM.attributes
                0x0000000000000052       0x34 ./Common/ThirdParty/FreeRTOS/list.o
 .ARM.attributes
                0x0000000000000086       0x34 ./Common/ThirdParty/FreeRTOS/queue.o
 .ARM.attributes
                0x00000000000000ba       0x34 ./Common/ThirdParty/FreeRTOS/tasks.o
 .ARM.attributes
                0x00000000000000ee       0x34 ./Common/ThirdParty/FreeRTOS/timers.o
 .ARM.attributes
                0x0000000000000122       0x34 ./Common/ThirdParty/FreeRTOS/portable/GCC/ARM_CM4F/port.o
 .ARM.attributes
                0x0000000000000156       0x34 ./Common/ThirdParty/FreeRTOS/portable/MemMang/heap_4.o
 .ARM.attributes
                0x000000000000018a       0x34 ./Common/ThirdParty/SEGGER/OS/SEGGER_SYSVIEW_FreeRTOS.o
 .ARM.attributes
                0x00000000000001be       0x34 ./Common/ThirdParty/SEGGER/SEGGER/SEGGER_RTT.o
 .ARM.attributes
                0x00000000000001f2       0x20 ./Common/ThirdParty/SEGGER/SEGGER/SEGGER_RTT_ASM_ARMv7M.o
 .ARM.attributes
                0x0000000000000212       0x34 ./Common/ThirdParty/SEGGER/SEGGER/SEGGER_SYSVIEW.o
 .ARM.attributes
                0x0000000000000246       0x34 ./Core/Src/main.o
 .ARM.attributes
                0x000000000000027a       0x34 ./Core/Src/stm32f4xx_hal_msp.o
 .ARM.attributes
                0x00000000000002ae       0x34 ./Core/Src/stm32f4xx_hal_timebase_tim.o
 .ARM.attributes
                0x00000000000002e2       0x34 ./Core/Src/stm32f4xx_it.o
 .ARM.attributes
                0x0000000000000316       0x34 ./Core/Src/system_stm32f4xx.o
 .ARM.attributes
                0x000000000000034a       0x21 ./Core/Startup/startup_stm32f429zitx.o
 .ARM.attributes
                0x000000000000036b       0x34 ./Drivers/STM32F4xx_HAL_Driver/Src/stm32f4xx_hal.o
 .ARM.attributes
                0x000000000000039f       0x34 ./Drivers/STM32F4xx_HAL_Driver/Src/stm32f4xx_hal_cortex.o
 .ARM.attributes
                0x00000000000003d3       0x34 ./Drivers/STM32F4xx_HAL_Driver/Src/stm32f4xx_hal_gpio.o
 .ARM.attributes
                0x0000000000000407       0x34 ./Drivers/STM32F4xx_HAL_Driver/Src/stm32f4xx_hal_rcc.o
 .ARM.attributes
                0x000000000000043b       0x34 ./Drivers/STM32F4xx_HAL_Driver/Src/stm32f4xx_hal_tim.o
 .ARM.attributes
                0x000000000000046f       0x34 ./Drivers/STM32F4xx_HAL_Driver/Src/stm32f4xx_hal_tim_ex.o
 .ARM.attributes
                0x00000000000004a3       0x34 c:/st/stm32cubeide_1.6.0/stm32cubeide/plugins/com.st.stm32cube.ide.mcu.externaltools.gnu-tools-for-stm32.10.3-2021.10.win32_1.0.200.202301161003/tools/bin/../lib/gcc/arm-none-eabi/10.3.1/../../../../arm-none-eabi/lib/thumb/v7e-m+fp/hard\libc_nano.a(lib_a-init.o)
 .ARM.attributes
                0x00000000000004d7       0x34 c:/st/stm32cubeide_1.6.0/stm32cubeide/plugins/com.st.stm32cube.ide.mcu.externaltools.gnu-tools-for-stm32.10.3-2021.10.win32_1.0.200.202301161003/tools/bin/../lib/gcc/arm-none-eabi/10.3.1/../../../../arm-none-eabi/lib/thumb/v7e-m+fp/hard\libc_nano.a(lib_a-memcmp.o)
 .ARM.attributes
                0x000000000000050b       0x34 c:/st/stm32cubeide_1.6.0/stm32cubeide/plugins/com.st.stm32cube.ide.mcu.externaltools.gnu-tools-for-stm32.10.3-2021.10.win32_1.0.200.202301161003/tools/bin/../lib/gcc/arm-none-eabi/10.3.1/../../../../arm-none-eabi/lib/thumb/v7e-m+fp/hard\libc_nano.a(lib_a-memcpy-stub.o)
 .ARM.attributes
                0x000000000000053f       0x34 c:/st/stm32cubeide_1.6.0/stm32cubeide/plugins/com.st.stm32cube.ide.mcu.externaltools.gnu-tools-for-stm32.10.3-2021.10.win32_1.0.200.202301161003/tools/bin/../lib/gcc/arm-none-eabi/10.3.1/../../../../arm-none-eabi/lib/thumb/v7e-m+fp/hard\libc_nano.a(lib_a-memset.o)
 .ARM.attributes
                0x0000000000000573       0x1e c:/st/stm32cubeide_1.6.0/stm32cubeide/plugins/com.st.stm32cube.ide.mcu.externaltools.gnu-tools-for-stm32.10.3-2021.10.win32_1.0.200.202301161003/tools/bin/../lib/gcc/arm-none-eabi/10.3.1/thumb/v7e-m+fp/hard\libgcc.a(_aeabi_uldivmod.o)
 .ARM.attributes
                0x0000000000000591       0x34 c:/st/stm32cubeide_1.6.0/stm32cubeide/plugins/com.st.stm32cube.ide.mcu.externaltools.gnu-tools-for-stm32.10.3-2021.10.win32_1.0.200.202301161003/tools/bin/../lib/gcc/arm-none-eabi/10.3.1/thumb/v7e-m+fp/hard\libgcc.a(_udivmoddi4.o)
 .ARM.attributes
                0x00000000000005c5       0x1e c:/st/stm32cubeide_1.6.0/stm32cubeide/plugins/com.st.stm32cube.ide.mcu.externaltools.gnu-tools-for-stm32.10.3-2021.10.win32_1.0.200.202301161003/tools/bin/../lib/gcc/arm-none-eabi/10.3.1/thumb/v7e-m+fp/hard\libgcc.a(_dvmd_tls.o)
 .ARM.attributes
                0x00000000000005e3       0x1e c:/st/stm32cubeide_1.6.0/stm32cubeide/plugins/com.st.stm32cube.ide.mcu.externaltools.gnu-tools-for-stm32.10.3-2021.10.win32_1.0.200.202301161003/tools/bin/../lib/gcc/arm-none-eabi/10.3.1/thumb/v7e-m+fp/hard/crtn.o
OUTPUT(LedToggle.elf elf32-littlearm)
LOAD linker stubs
LOAD c:/st/stm32cubeide_1.6.0/stm32cubeide/plugins/com.st.stm32cube.ide.mcu.externaltools.gnu-tools-for-stm32.10.3-2021.10.win32_1.0.200.202301161003/tools/bin/../lib/gcc/arm-none-eabi/10.3.1/../../../../arm-none-eabi/lib/thumb/v7e-m+fp/hard\libc.a
LOAD c:/st/stm32cubeide_1.6.0/stm32cubeide/plugins/com.st.stm32cube.ide.mcu.externaltools.gnu-tools-for-stm32.10.3-2021.10.win32_1.0.200.202301161003/tools/bin/../lib/gcc/arm-none-eabi/10.3.1/../../../../arm-none-eabi/lib/thumb/v7e-m+fp/hard\libm.a
LOAD c:/st/stm32cubeide_1.6.0/stm32cubeide/plugins/com.st.stm32cube.ide.mcu.externaltools.gnu-tools-for-stm32.10.3-2021.10.win32_1.0.200.202301161003/tools/bin/../lib/gcc/arm-none-eabi/10.3.1/thumb/v7e-m+fp/hard\libgcc.a

.debug_info     0x0000000000000000    0x141e3
 .debug_info    0x0000000000000000      0x2d1 ./Common/ThirdParty/FreeRTOS/list.o
 .debug_info    0x00000000000002d1     0x1988 ./Common/ThirdParty/FreeRTOS/queue.o
 .debug_info    0x0000000000001c59     0x23e7 ./Common/ThirdParty/FreeRTOS/tasks.o
 .debug_info    0x0000000000004040      0xedd ./Common/ThirdParty/FreeRTOS/timers.o
 .debug_info    0x0000000000004f1d      0x5ca ./Common/ThirdParty/FreeRTOS/portable/GCC/ARM_CM4F/port.o
 .debug_info    0x00000000000054e7      0x50d ./Common/ThirdParty/FreeRTOS/portable/MemMang/heap_4.o
 .debug_info    0x00000000000059f4      0x43d ./Common/ThirdParty/SEGGER/OS/SEGGER_SYSVIEW_FreeRTOS.o
 .debug_info    0x0000000000005e31     0x14ff ./Common/ThirdParty/SEGGER/SEGGER/SEGGER_RTT.o
 .debug_info    0x0000000000007330       0x26 ./Common/ThirdParty/SEGGER/SEGGER/SEGGER_RTT_ASM_ARMv7M.o
 .debug_info    0x0000000000007356     0x380a ./Common/ThirdParty/SEGGER/SEGGER/SEGGER_SYSVIEW.o
 .debug_info    0x000000000000ab60      0xfcf ./Core/Src/main.o
 .debug_info    0x000000000000bb2f      0x2d3 ./Core/Src/stm32f4xx_hal_msp.o
 .debug_info    0x000000000000be02      0xc9d ./Core/Src/stm32f4xx_hal_timebase_tim.o
 .debug_info    0x000000000000ca9f      0x6f8 ./Core/Src/stm32f4xx_it.o
 .debug_info    0x000000000000d197      0x53f ./Core/Src/system_stm32f4xx.o
 .debug_info    0x000000000000d6d6       0x22 ./Core/Startup/startup_stm32f429zitx.o
 .debug_info    0x000000000000d6f8      0x9f4 ./Drivers/STM32F4xx_HAL_Driver/Src/stm32f4xx_hal.o
 .debug_info    0x000000000000e0ec      0xe51 ./Drivers/STM32F4xx_HAL_Driver/Src/stm32f4xx_hal_cortex.o
 .debug_info    0x000000000000ef3d      0x786 ./Drivers/STM32F4xx_HAL_Driver/Src/stm32f4xx_hal_gpio.o
 .debug_info    0x000000000000f6c3      0x982 ./Drivers/STM32F4xx_HAL_Driver/Src/stm32f4xx_hal_rcc.o
 .debug_info    0x0000000000010045     0x2bbe ./Drivers/STM32F4xx_HAL_Driver/Src/stm32f4xx_hal_tim.o
 .debug_info    0x0000000000012c03     0x15e0 ./Drivers/STM32F4xx_HAL_Driver/Src/stm32f4xx_hal_tim_ex.o

.debug_abbrev   0x0000000000000000     0x2ce8
 .debug_abbrev  0x0000000000000000       0xf2 ./Common/ThirdParty/FreeRTOS/list.o
 .debug_abbrev  0x00000000000000f2      0x312 ./Common/ThirdParty/FreeRTOS/queue.o
 .debug_abbrev  0x0000000000000404      0x39f ./Common/ThirdParty/FreeRTOS/tasks.o
 .debug_abbrev  0x00000000000007a3      0x2d8 ./Common/ThirdParty/FreeRTOS/timers.o
 .debug_abbrev  0x0000000000000a7b      0x259 ./Common/ThirdParty/FreeRTOS/portable/GCC/ARM_CM4F/port.o
 .debug_abbrev  0x0000000000000cd4      0x212 ./Common/ThirdParty/FreeRTOS/portable/MemMang/heap_4.o
 .debug_abbrev  0x0000000000000ee6      0x19e ./Common/ThirdParty/SEGGER/OS/SEGGER_SYSVIEW_FreeRTOS.o
 .debug_abbrev  0x0000000000001084      0x24e ./Common/ThirdParty/SEGGER/SEGGER/SEGGER_RTT.o
 .debug_abbrev  0x00000000000012d2       0x14 ./Common/ThirdParty/SEGGER/SEGGER/SEGGER_RTT_ASM_ARMv7M.o
 .debug_abbrev  0x00000000000012e6      0x326 ./Common/ThirdParty/SEGGER/SEGGER/SEGGER_SYSVIEW.o
 .debug_abbrev  0x000000000000160c      0x323 ./Core/Src/main.o
 .debug_abbrev  0x000000000000192f       0xe7 ./Core/Src/stm32f4xx_hal_msp.o
 .debug_abbrev  0x0000000000001a16      0x1e6 ./Core/Src/stm32f4xx_hal_timebase_tim.o
 .debug_abbrev  0x0000000000001bfc      0x171 ./Core/Src/stm32f4xx_it.o
 .debug_abbrev  0x0000000000001d6d      0x116 ./Core/Src/system_stm32f4xx.o
 .debug_abbrev  0x0000000000001e83       0x12 ./Core/Startup/startup_stm32f429zitx.o
 .debug_abbrev  0x0000000000001e95      0x20d ./Drivers/STM32F4xx_HAL_Driver/Src/stm32f4xx_hal.o
 .debug_abbrev  0x00000000000020a2      0x316 ./Drivers/STM32F4xx_HAL_Driver/Src/stm32f4xx_hal_cortex.o
 .debug_abbrev  0x00000000000023b8      0x1c4 ./Drivers/STM32F4xx_HAL_Driver/Src/stm32f4xx_hal_gpio.o
 .debug_abbrev  0x000000000000257c      0x2aa ./Drivers/STM32F4xx_HAL_Driver/Src/stm32f4xx_hal_rcc.o
 .debug_abbrev  0x0000000000002826      0x25d ./Drivers/STM32F4xx_HAL_Driver/Src/stm32f4xx_hal_tim.o
 .debug_abbrev  0x0000000000002a83      0x265 ./Drivers/STM32F4xx_HAL_Driver/Src/stm32f4xx_hal_tim_ex.o

.debug_aranges  0x0000000000000000     0x12c0
 .debug_aranges
                0x0000000000000000       0x40 ./Common/ThirdParty/FreeRTOS/list.o
 .debug_aranges
                0x0000000000000040      0x130 ./Common/ThirdParty/FreeRTOS/queue.o
 .debug_aranges
                0x0000000000000170      0x208 ./Common/ThirdParty/FreeRTOS/tasks.o
 .debug_aranges
                0x0000000000000378       0xd8 ./Common/ThirdParty/FreeRTOS/timers.o
 .debug_aranges
                0x0000000000000450       0x88 ./Common/ThirdParty/FreeRTOS/portable/GCC/ARM_CM4F/port.o
 .debug_aranges
                0x00000000000004d8       0x58 ./Common/ThirdParty/FreeRTOS/portable/MemMang/heap_4.o
 .debug_aranges
                0x0000000000000530       0x48 ./Common/ThirdParty/SEGGER/OS/SEGGER_SYSVIEW_FreeRTOS.o
 .debug_aranges
                0x0000000000000578      0x138 ./Common/ThirdParty/SEGGER/SEGGER/SEGGER_RTT.o
 .debug_aranges
                0x00000000000006b0       0x20 ./Common/ThirdParty/SEGGER/SEGGER/SEGGER_RTT_ASM_ARMv7M.o
 .debug_aranges
                0x00000000000006d0      0x280 ./Common/ThirdParty/SEGGER/SEGGER/SEGGER_SYSVIEW.o
 .debug_aranges
                0x0000000000000950       0x50 ./Core/Src/main.o
 .debug_aranges
                0x00000000000009a0       0x20 ./Core/Src/stm32f4xx_hal_msp.o
 .debug_aranges
                0x00000000000009c0       0x30 ./Core/Src/stm32f4xx_hal_timebase_tim.o
 .debug_aranges
                0x00000000000009f0       0x50 ./Core/Src/stm32f4xx_it.o
 .debug_aranges
                0x0000000000000a40       0x28 ./Core/Src/system_stm32f4xx.o
 .debug_aranges
                0x0000000000000a68       0x28 ./Core/Startup/startup_stm32f429zitx.o
 .debug_aranges
                0x0000000000000a90      0x100 ./Drivers/STM32F4xx_HAL_Driver/Src/stm32f4xx_hal.o
 .debug_aranges
                0x0000000000000b90      0x118 ./Drivers/STM32F4xx_HAL_Driver/Src/stm32f4xx_hal_cortex.o
 .debug_aranges
                0x0000000000000ca8       0x58 ./Drivers/STM32F4xx_HAL_Driver/Src/stm32f4xx_hal_gpio.o
 .debug_aranges
                0x0000000000000d00       0x88 ./Drivers/STM32F4xx_HAL_Driver/Src/stm32f4xx_hal_rcc.o
 .debug_aranges
                0x0000000000000d88      0x3d0 ./Drivers/STM32F4xx_HAL_Driver/Src/stm32f4xx_hal_tim.o
 .debug_aranges
                0x0000000000001158      0x168 ./Drivers/STM32F4xx_HAL_Driver/Src/stm32f4xx_hal_tim_ex.o

.debug_ranges   0x0000000000000000     0x1158
 .debug_ranges  0x0000000000000000       0x30 ./Common/ThirdParty/FreeRTOS/list.o
 .debug_ranges  0x0000000000000030      0x120 ./Common/ThirdParty/FreeRTOS/queue.o
 .debug_ranges  0x0000000000000150      0x1f8 ./Common/ThirdParty/FreeRTOS/tasks.o
 .debug_ranges  0x0000000000000348       0xc8 ./Common/ThirdParty/FreeRTOS/timers.o
 .debug_ranges  0x0000000000000410       0x78 ./Common/ThirdParty/FreeRTOS/portable/GCC/ARM_CM4F/port.o
 .debug_ranges  0x0000000000000488       0x48 ./Common/ThirdParty/FreeRTOS/portable/MemMang/heap_4.o
 .debug_ranges  0x00000000000004d0       0x38 ./Common/ThirdParty/SEGGER/OS/SEGGER_SYSVIEW_FreeRTOS.o
 .debug_ranges  0x0000000000000508      0x128 ./Common/ThirdParty/SEGGER/SEGGER/SEGGER_RTT.o
 .debug_ranges  0x0000000000000630      0x270 ./Common/ThirdParty/SEGGER/SEGGER/SEGGER_SYSVIEW.o
 .debug_ranges  0x00000000000008a0       0x40 ./Core/Src/main.o
 .debug_ranges  0x00000000000008e0       0x10 ./Core/Src/stm32f4xx_hal_msp.o
 .debug_ranges  0x00000000000008f0       0x20 ./Core/Src/stm32f4xx_hal_timebase_tim.o
 .debug_ranges  0x0000000000000910       0x40 ./Core/Src/stm32f4xx_it.o
 .debug_ranges  0x0000000000000950       0x18 ./Core/Src/system_stm32f4xx.o
 .debug_ranges  0x0000000000000968       0x20 ./Core/Startup/startup_stm32f429zitx.o
 .debug_ranges  0x0000000000000988       0xf0 ./Drivers/STM32F4xx_HAL_Driver/Src/stm32f4xx_hal.o
 .debug_ranges  0x0000000000000a78      0x108 ./Drivers/STM32F4xx_HAL_Driver/Src/stm32f4xx_hal_cortex.o
 .debug_ranges  0x0000000000000b80       0x48 ./Drivers/STM32F4xx_HAL_Driver/Src/stm32f4xx_hal_gpio.o
 .debug_ranges  0x0000000000000bc8       0x78 ./Drivers/STM32F4xx_HAL_Driver/Src/stm32f4xx_hal_rcc.o
 .debug_ranges  0x0000000000000c40      0x3c0 ./Drivers/STM32F4xx_HAL_Driver/Src/stm32f4xx_hal_tim.o
 .debug_ranges  0x0000000000001000      0x158 ./Drivers/STM32F4xx_HAL_Driver/Src/stm32f4xx_hal_tim_ex.o

.debug_macro    0x0000000000000000    0x23e15
 .debug_macro   0x0000000000000000      0x1f5 ./Common/ThirdParty/FreeRTOS/list.o
 .debug_macro   0x00000000000001f5      0x27e ./Common/ThirdParty/FreeRTOS/queue.o
 .debug_macro   0x0000000000000473       0x16 ./Common/ThirdParty/FreeRTOS/queue.o
 .debug_macro   0x0000000000000489       0x35 ./Common/ThirdParty/FreeRTOS/queue.o
 .debug_macro   0x00000000000004be       0x20 ./Common/ThirdParty/FreeRTOS/queue.o
 .debug_macro   0x00000000000004de       0x80 ./Common/ThirdParty/FreeRTOS/queue.o
 .debug_macro   0x000000000000055e      0x2e2 ./Common/ThirdParty/FreeRTOS/tasks.o
 .debug_macro   0x0000000000000840       0x10 ./Common/ThirdParty/FreeRTOS/tasks.o
 .debug_macro   0x0000000000000850      0x23e ./Common/ThirdParty/FreeRTOS/timers.o
 .debug_macro   0x0000000000000a8e       0x97 ./Common/ThirdParty/FreeRTOS/timers.o
 .debug_macro   0x0000000000000b25      0x1f8 ./Common/ThirdParty/FreeRTOS/portable/GCC/ARM_CM4F/port.o
 .debug_macro   0x0000000000000d1d      0x210 ./Common/ThirdParty/FreeRTOS/portable/MemMang/heap_4.o
 .debug_macro   0x0000000000000f2d      0x204 ./Common/ThirdParty/SEGGER/OS/SEGGER_SYSVIEW_FreeRTOS.o
 .debug_macro   0x0000000000001131      0x1bd ./Common/ThirdParty/SEGGER/SEGGER/SEGGER_RTT.o
 .debug_macro   0x00000000000012ee       0x34 ./Common/ThirdParty/SEGGER/SEGGER/SEGGER_RTT.o
 .debug_macro   0x0000000000001322      0x138 ./Common/ThirdParty/SEGGER/SEGGER/SEGGER_RTT.o
 .debug_macro   0x000000000000145a      0x213 ./Common/ThirdParty/SEGGER/SEGGER/SEGGER_SYSVIEW.o
 .debug_macro   0x000000000000166d      0x204 ./Common/ThirdParty/SEGGER/SEGGER/SEGGER_SYSVIEW.o
 .debug_macro   0x0000000000001871      0x16e ./Common/ThirdParty/SEGGER/SEGGER/SEGGER_SYSVIEW.o
 .debug_macro   0x00000000000019df      0x402 ./Core/Src/main.o
 .debug_macro   0x0000000000001de1      0x295 ./Core/Src/main.o
 .debug_macro   0x0000000000002076       0x2e ./Core/Src/main.o
 .debug_macro   0x00000000000020a4       0x28 ./Core/Src/main.o
 .debug_macro   0x00000000000020cc       0x1c ./Core/Src/main.o
 .debug_macro   0x00000000000020e8       0x22 ./Core/Src/main.o
 .debug_macro   0x000000000000210a       0xd9 ./Core/Src/main.o
 .debug_macro   0x00000000000021e3     0x102d ./Core/Src/main.o
 .debug_macro   0x0000000000003210      0x11f ./Core/Src/main.o
 .debug_macro   0x000000000000332f    0x17fc0 ./Core/Src/main.o
 .debug_macro   0x000000000001b2ef       0x6d ./Core/Src/main.o
 .debug_macro   0x000000000001b35c     0x36f5 ./Core/Src/main.o
 .debug_macro   0x000000000001ea51       0x5c ./Core/Src/main.o
 .debug_macro   0x000000000001eaad      0xca5 ./Core/Src/main.o
 .debug_macro   0x000000000001f752      0x9fe ./Core/Src/main.o
 .debug_macro   0x0000000000020150      0x115 ./Core/Src/main.o
 .debug_macro   0x0000000000020265      0x156 ./Core/Src/main.o
 .debug_macro   0x00000000000203bb       0xa5 ./Core/Src/main.o
 .debug_macro   0x0000000000020460      0x182 ./Core/Src/main.o
 .debug_macro   0x00000000000205e2      0x287 ./Core/Src/main.o
 .debug_macro   0x0000000000020869       0x5f ./Core/Src/main.o
 .debug_macro   0x00000000000208c8      0x236 ./Core/Src/main.o
 .debug_macro   0x0000000000020afe      0x132 ./Core/Src/main.o
 .debug_macro   0x0000000000020c30      0x41d ./Core/Src/main.o
 .debug_macro   0x000000000002104d       0x2e ./Core/Src/main.o
 .debug_macro   0x000000000002107b      0x11a ./Core/Src/main.o
 .debug_macro   0x0000000000021195       0xe2 ./Core/Src/main.o
 .debug_macro   0x0000000000021277       0x89 ./Core/Src/main.o
 .debug_macro   0x0000000000021300      0x8e6 ./Core/Src/main.o
 .debug_macro   0x0000000000021be6       0x47 ./Core/Src/main.o
 .debug_macro   0x0000000000021c2d      0x134 ./Core/Src/main.o
 .debug_macro   0x0000000000021d61      0x4c8 ./Core/Src/main.o
 .debug_macro   0x0000000000022229       0x16 ./Core/Src/main.o
 .debug_macro   0x000000000002223f       0x10 ./Core/Src/main.o
 .debug_macro   0x000000000002224f       0x10 ./Core/Src/main.o
 .debug_macro   0x000000000002225f       0x1c ./Core/Src/main.o
 .debug_macro   0x000000000002227b       0x52 ./Core/Src/main.o
 .debug_macro   0x00000000000222cd       0x22 ./Core/Src/main.o
 .debug_macro   0x00000000000222ef       0x10 ./Core/Src/main.o
 .debug_macro   0x00000000000222ff       0x52 ./Core/Src/main.o
 .debug_macro   0x0000000000022351       0xd5 ./Core/Src/main.o
 .debug_macro   0x0000000000022426       0x1c ./Core/Src/main.o
 .debug_macro   0x0000000000022442       0x3d ./Core/Src/main.o
 .debug_macro   0x000000000002247f       0x16 ./Core/Src/main.o
 .debug_macro   0x0000000000022495      0x145 ./Core/Src/main.o
 .debug_macro   0x00000000000225da      0x112 ./Core/Src/main.o
 .debug_macro   0x00000000000226ec       0x4c ./Core/Src/main.o
 .debug_macro   0x0000000000022738      0x3d0 ./Core/Src/main.o
 .debug_macro   0x0000000000022b08      0x285 ./Core/Src/stm32f4xx_hal_msp.o
 .debug_macro   0x0000000000022d8d      0x1c4 ./Core/Src/stm32f4xx_hal_timebase_tim.o
 .debug_macro   0x0000000000022f51      0x1dd ./Core/Src/stm32f4xx_it.o
 .debug_macro   0x000000000002312e      0x1c4 ./Core/Src/system_stm32f4xx.o
 .debug_macro   0x00000000000232f2      0x224 ./Drivers/STM32F4xx_HAL_Driver/Src/stm32f4xx_hal.o
 .debug_macro   0x0000000000023516      0x1c4 ./Drivers/STM32F4xx_HAL_Driver/Src/stm32f4xx_hal_cortex.o
 .debug_macro   0x00000000000236da      0x1ca ./Drivers/STM32F4xx_HAL_Driver/Src/stm32f4xx_hal_gpio.o
 .debug_macro   0x00000000000238a4      0x1e8 ./Drivers/STM32F4xx_HAL_Driver/Src/stm32f4xx_hal_rcc.o
 .debug_macro   0x0000000000023a8c      0x1c5 ./Drivers/STM32F4xx_HAL_Driver/Src/stm32f4xx_hal_tim.o
 .debug_macro   0x0000000000023c51      0x1c4 ./Drivers/STM32F4xx_HAL_Driver/Src/stm32f4xx_hal_tim_ex.o

.debug_line     0x0000000000000000    0x14674
 .debug_line    0x0000000000000000      0x8c0 ./Common/ThirdParty/FreeRTOS/list.o
 .debug_line    0x00000000000008c0     0x1799 ./Common/ThirdParty/FreeRTOS/queue.o
 .debug_line    0x0000000000002059     0x1ee5 ./Common/ThirdParty/FreeRTOS/tasks.o
 .debug_line    0x0000000000003f3e      0xe1f ./Common/ThirdParty/FreeRTOS/timers.o
 .debug_line    0x0000000000004d5d      0x9e8 ./Common/ThirdParty/FreeRTOS/portable/GCC/ARM_CM4F/port.o
 .debug_line    0x0000000000005745      0xb0b ./Common/ThirdParty/FreeRTOS/portable/MemMang/heap_4.o
 .debug_line    0x0000000000006250      0x967 ./Common/ThirdParty/SEGGER/OS/SEGGER_SYSVIEW_FreeRTOS.o
 .debug_line    0x0000000000006bb7      0xebb ./Common/ThirdParty/SEGGER/SEGGER/SEGGER_RTT.o
 .debug_line    0x0000000000007a72       0xcb ./Common/ThirdParty/SEGGER/SEGGER/SEGGER_RTT_ASM_ARMv7M.o
 .debug_line    0x0000000000007b3d     0x1f93 ./Common/ThirdParty/SEGGER/SEGGER/SEGGER_SYSVIEW.o
 .debug_line    0x0000000000009ad0      0xe09 ./Core/Src/main.o
 .debug_line    0x000000000000a8d9      0x93b ./Core/Src/stm32f4xx_hal_msp.o
 .debug_line    0x000000000000b214      0x723 ./Core/Src/stm32f4xx_hal_timebase_tim.o
 .debug_line    0x000000000000b937      0x744 ./Core/Src/stm32f4xx_it.o
 .debug_line    0x000000000000c07b      0x729 ./Core/Src/system_stm32f4xx.o
 .debug_line    0x000000000000c7a4       0x88 ./Core/Startup/startup_stm32f429zitx.o
 .debug_line    0x000000000000c82c      0x9c5 ./Drivers/STM32F4xx_HAL_Driver/Src/stm32f4xx_hal.o
 .debug_line    0x000000000000d1f1      0xc3e ./Drivers/STM32F4xx_HAL_Driver/Src/stm32f4xx_hal_cortex.o
 .debug_line    0x000000000000de2f      0xb2b ./Drivers/STM32F4xx_HAL_Driver/Src/stm32f4xx_hal_gpio.o
 .debug_line    0x000000000000e95a      0xd0b ./Drivers/STM32F4xx_HAL_Driver/Src/stm32f4xx_hal_rcc.o
 .debug_line    0x000000000000f665     0x3683 ./Drivers/STM32F4xx_HAL_Driver/Src/stm32f4xx_hal_tim.o
 .debug_line    0x0000000000012ce8     0x198c ./Drivers/STM32F4xx_HAL_Driver/Src/stm32f4xx_hal_tim_ex.o

.debug_str      0x0000000000000000    0xe70c4
 .debug_str     0x0000000000000000     0xe5b9 ./Common/ThirdParty/FreeRTOS/list.o
                                       0xe80c (size before relaxing)
 .debug_str     0x000000000000e5b9     0x2533 ./Common/ThirdParty/FreeRTOS/queue.o
                                      0x10d19 (size before relaxing)
 .debug_str     0x0000000000010aec     0x1d41 ./Common/ThirdParty/FreeRTOS/tasks.o
                                      0x11b86 (size before relaxing)
 .debug_str     0x000000000001282d      0x532 ./Common/ThirdParty/FreeRTOS/timers.o
                                      0x1102b (size before relaxing)
 .debug_str     0x0000000000012d5f      0x819 ./Common/ThirdParty/FreeRTOS/portable/GCC/ARM_CM4F/port.o
                                       0xd36f (size before relaxing)
 .debug_str     0x0000000000013578      0x33b ./Common/ThirdParty/FreeRTOS/portable/MemMang/heap_4.o
                                       0xfcd5 (size before relaxing)
 .debug_str     0x00000000000138b3      0x166 ./Common/ThirdParty/SEGGER/OS/SEGGER_SYSVIEW_FreeRTOS.o
                                       0xfa4d (size before relaxing)
 .debug_str     0x0000000000013a19     0x107f ./Common/ThirdParty/SEGGER/SEGGER/SEGGER_RTT.o
                                       0x77c6 (size before relaxing)
 .debug_str     0x0000000000014a98       0x6d ./Common/ThirdParty/SEGGER/SEGGER/SEGGER_RTT_ASM_ARMv7M.o
                                         0xa4 (size before relaxing)
 .debug_str     0x0000000000014b05      0xdd7 ./Common/ThirdParty/SEGGER/SEGGER/SEGGER_SYSVIEW.o
                                       0x97d6 (size before relaxing)
 .debug_str     0x00000000000158dc    0xcefcf ./Core/Src/main.o
                                      0xde97f (size before relaxing)
 .debug_str     0x00000000000e48ab       0x2c ./Core/Src/stm32f4xx_hal_msp.o
                                      0xd8960 (size before relaxing)
 .debug_str     0x00000000000e48d7      0x678 ./Core/Src/stm32f4xx_hal_timebase_tim.o
                                      0xd1540 (size before relaxing)
 .debug_str     0x00000000000e4f4f       0xb9 ./Core/Src/stm32f4xx_it.o
                                      0xd1d0e (size before relaxing)
 .debug_str     0x00000000000e5008       0xcb ./Core/Src/system_stm32f4xx.o
                                      0xd09e5 (size before relaxing)
 .debug_str     0x00000000000e50d3       0x28 ./Core/Startup/startup_stm32f429zitx.o
                                         0x6d (size before relaxing)
 .debug_str     0x00000000000e50fb      0x60e ./Drivers/STM32F4xx_HAL_Driver/Src/stm32f4xx_hal.o
                                      0xd1608 (size before relaxing)
 .debug_str     0x00000000000e5709      0x33a ./Drivers/STM32F4xx_HAL_Driver/Src/stm32f4xx_hal_cortex.o
                                      0xd12ed (size before relaxing)
 .debug_str     0x00000000000e5a43      0x11e ./Drivers/STM32F4xx_HAL_Driver/Src/stm32f4xx_hal_gpio.o
                                      0xd0b60 (size before relaxing)
 .debug_str     0x00000000000e5b61      0x1fd ./Drivers/STM32F4xx_HAL_Driver/Src/stm32f4xx_hal_rcc.o
                                      0xd0e19 (size before relaxing)
 .debug_str     0x00000000000e5d5e      0xe63 ./Drivers/STM32F4xx_HAL_Driver/Src/stm32f4xx_hal_tim.o
                                      0xd1d4c (size before relaxing)
 .debug_str     0x00000000000e6bc1      0x503 ./Drivers/STM32F4xx_HAL_Driver/Src/stm32f4xx_hal_tim_ex.o
                                      0xd1568 (size before relaxing)

.comment        0x0000000000000000       0x50
 .comment       0x0000000000000000       0x50 ./Common/ThirdParty/FreeRTOS/list.o
                                         0x51 (size before relaxing)
 .comment       0x0000000000000050       0x51 ./Common/ThirdParty/FreeRTOS/queue.o
 .comment       0x0000000000000050       0x51 ./Common/ThirdParty/FreeRTOS/tasks.o
 .comment       0x0000000000000050       0x51 ./Common/ThirdParty/FreeRTOS/timers.o
 .comment       0x0000000000000050       0x51 ./Common/ThirdParty/FreeRTOS/portable/GCC/ARM_CM4F/port.o
 .comment       0x0000000000000050       0x51 ./Common/ThirdParty/FreeRTOS/portable/MemMang/heap_4.o
 .comment       0x0000000000000050       0x51 ./Common/ThirdParty/SEGGER/OS/SEGGER_SYSVIEW_FreeRTOS.o
 .comment       0x0000000000000050       0x51 ./Common/ThirdParty/SEGGER/SEGGER/SEGGER_RTT.o
 .comment       0x0000000000000050       0x51 ./Common/ThirdParty/SEGGER/SEGGER/SEGGER_SYSVIEW.o
 .comment       0x0000000000000050       0x51 ./Core/Src/main.o
 .comment       0x0000000000000050       0x51 ./Core/Src/stm32f4xx_hal_msp.o
 .comment       0x0000000000000050       0x51 ./Core/Src/stm32f4xx_hal_timebase_tim.o
 .comment       0x0000000000000050       0x51 ./Core/Src/stm32f4xx_it.o
 .comment       0x0000000000000050       0x51 ./Core/Src/system_stm32f4xx.o
 .comment       0x0000000000000050       0x51 ./Drivers/STM32F4xx_HAL_Driver/Src/stm32f4xx_hal.o
 .comment       0x0000000000000050       0x51 ./Drivers/STM32F4xx_HAL_Driver/Src/stm32f4xx_hal_cortex.o
 .comment       0x0000000000000050       0x51 ./Drivers/STM32F4xx_HAL_Driver/Src/stm32f4xx_hal_gpio.o
 .comment       0x0000000000000050       0x51 ./Drivers/STM32F4xx_HAL_Driver/Src/stm32f4xx_hal_rcc.o
 .comment       0x0000000000000050       0x51 ./Drivers/STM32F4xx_HAL_Driver/Src/stm32f4xx_hal_tim.o
 .comment       0x0000000000000050       0x51 ./Drivers/STM32F4xx_HAL_Driver/Src/stm32f4xx_hal_tim_ex.o

.debug_frame    0x0000000000000000     0x4ed8
 .debug_frame   0x0000000000000000       0xd8 ./Common/ThirdParty/FreeRTOS/list.o
 .debug_frame   0x00000000000000d8      0x544 ./Common/ThirdParty/FreeRTOS/queue.o
 .debug_frame   0x000000000000061c      0x8fc ./Common/ThirdParty/FreeRTOS/tasks.o
 .debug_frame   0x0000000000000f18      0x38c ./Common/ThirdParty/FreeRTOS/timers.o
 .debug_frame   0x00000000000012a4      0x1d0 ./Common/ThirdParty/FreeRTOS/portable/GCC/ARM_CM4F/port.o
 .debug_frame   0x0000000000001474      0x12c ./Common/ThirdParty/FreeRTOS/portable/MemMang/heap_4.o
 .debug_frame   0x00000000000015a0      0x104 ./Common/ThirdParty/SEGGER/OS/SEGGER_SYSVIEW_FreeRTOS.o
 .debug_frame   0x00000000000016a4      0x530 ./Common/ThirdParty/SEGGER/SEGGER/SEGGER_RTT.o
 .debug_frame   0x0000000000001bd4      0xbc4 ./Common/ThirdParty/SEGGER/SEGGER/SEGGER_SYSVIEW.o
 .debug_frame   0x0000000000002798       0xf8 ./Core/Src/main.o
 .debug_frame   0x0000000000002890       0x34 ./Core/Src/stm32f4xx_hal_msp.o
 .debug_frame   0x00000000000028c4       0x74 ./Core/Src/stm32f4xx_hal_timebase_tim.o
 .debug_frame   0x0000000000002938       0xc4 ./Core/Src/stm32f4xx_it.o
 .debug_frame   0x00000000000029fc       0x58 ./Core/Src/system_stm32f4xx.o
 .debug_frame   0x0000000000002a54      0x3b4 ./Drivers/STM32F4xx_HAL_Driver/Src/stm32f4xx_hal.o
 .debug_frame   0x0000000000002e08      0x498 ./Drivers/STM32F4xx_HAL_Driver/Src/stm32f4xx_hal_cortex.o
 .debug_frame   0x00000000000032a0      0x14c ./Drivers/STM32F4xx_HAL_Driver/Src/stm32f4xx_hal_gpio.o
 .debug_frame   0x00000000000033ec      0x1f4 ./Drivers/STM32F4xx_HAL_Driver/Src/stm32f4xx_hal_rcc.o
 .debug_frame   0x00000000000035e0     0x11c4 ./Drivers/STM32F4xx_HAL_Driver/Src/stm32f4xx_hal_tim.o
 .debug_frame   0x00000000000047a4      0x638 ./Drivers/STM32F4xx_HAL_Driver/Src/stm32f4xx_hal_tim_ex.o
 .debug_frame   0x0000000000004ddc       0x2c c:/st/stm32cubeide_1.6.0/stm32cubeide/plugins/com.st.stm32cube.ide.mcu.externaltools.gnu-tools-for-stm32.10.3-2021.10.win32_1.0.200.202301161003/tools/bin/../lib/gcc/arm-none-eabi/10.3.1/../../../../arm-none-eabi/lib/thumb/v7e-m+fp/hard\libc_nano.a(lib_a-init.o)
 .debug_frame   0x0000000000004e08       0x28 c:/st/stm32cubeide_1.6.0/stm32cubeide/plugins/com.st.stm32cube.ide.mcu.externaltools.gnu-tools-for-stm32.10.3-2021.10.win32_1.0.200.202301161003/tools/bin/../lib/gcc/arm-none-eabi/10.3.1/../../../../arm-none-eabi/lib/thumb/v7e-m+fp/hard\libc_nano.a(lib_a-memcmp.o)
 .debug_frame   0x0000000000004e30       0x28 c:/st/stm32cubeide_1.6.0/stm32cubeide/plugins/com.st.stm32cube.ide.mcu.externaltools.gnu-tools-for-stm32.10.3-2021.10.win32_1.0.200.202301161003/tools/bin/../lib/gcc/arm-none-eabi/10.3.1/../../../../arm-none-eabi/lib/thumb/v7e-m+fp/hard\libc_nano.a(lib_a-memcpy-stub.o)
 .debug_frame   0x0000000000004e58       0x20 c:/st/stm32cubeide_1.6.0/stm32cubeide/plugins/com.st.stm32cube.ide.mcu.externaltools.gnu-tools-for-stm32.10.3-2021.10.win32_1.0.200.202301161003/tools/bin/../lib/gcc/arm-none-eabi/10.3.1/../../../../arm-none-eabi/lib/thumb/v7e-m+fp/hard\libc_nano.a(lib_a-memset.o)
 .debug_frame   0x0000000000004e78       0x2c c:/st/stm32cubeide_1.6.0/stm32cubeide/plugins/com.st.stm32cube.ide.mcu.externaltools.gnu-tools-for-stm32.10.3-2021.10.win32_1.0.200.202301161003/tools/bin/../lib/gcc/arm-none-eabi/10.3.1/thumb/v7e-m+fp/hard\libgcc.a(_aeabi_uldivmod.o)
 .debug_frame   0x0000000000004ea4       0x34 c:/st/stm32cubeide_1.6.0/stm32cubeide/plugins/com.st.stm32cube.ide.mcu.externaltools.gnu-tools-for-stm32.10.3-2021.10.win32_1.0.200.202301161003/tools/bin/../lib/gcc/arm-none-eabi/10.3.1/thumb/v7e-m+fp/hard\libgcc.a(_udivmoddi4.o)
